c:\users\tjsgh\desktop\team_real_final\client\default\x64\release\client.pch
c:\users\tjsgh\desktop\team_real_final\client\default\x64\release\vc143.pdb
c:\users\tjsgh\desktop\team_real_final\client\default\x64\release\pch.obj
c:\users\tjsgh\desktop\team_real_final\client\default\x64\release\bat_spike.obj
c:\users\tjsgh\desktop\team_real_final\client\default\x64\release\body_magician2.obj
c:\users\tjsgh\desktop\team_real_final\client\default\x64\release\boss_urd.obj
c:\users\tjsgh\desktop\team_real_final\client\default\x64\release\decorative_hat.obj
c:\users\tjsgh\desktop\team_real_final\client\default\x64\release\emissive_groundobject.obj
c:\users\tjsgh\desktop\team_real_final\client\default\x64\release\hurt_falldown_end.obj
c:\users\tjsgh\desktop\team_real_final\client\default\x64\release\level_seaoftrees.obj
c:\users\tjsgh\desktop\team_real_final\client\default\x64\release\monster_hp_bar.obj
c:\users\tjsgh\desktop\team_real_final\client\default\x64\release\normal_villagem0.obj
c:\users\tjsgh\desktop\team_real_final\client\default\x64\release\player_weapon_axe.obj
c:\users\tjsgh\desktop\team_real_final\client\default\x64\release\skilljavelinsword.obj
c:\users\tjsgh\desktop\team_real_final\client\default\x64\release\uigroup_playerscreen.obj
c:\users\tjsgh\desktop\team_real_final\client\default\x64\release\groundobject.obj
c:\users\tjsgh\desktop\team_real_final\client\default\x64\release\playerrun.obj
c:\users\tjsgh\desktop\team_real_final\client\default\x64\release\ui_diamondicon.obj
c:\users\tjsgh\desktop\team_real_final\client\default\x64\release\ui_keybox_long.obj
c:\users\tjsgh\desktop\team_real_final\client\default\x64\release\ui_newhint.obj
c:\users\tjsgh\desktop\team_real_final\client\default\x64\release\ui_underline.obj
c:\users\tjsgh\desktop\team_real_final\client\default\x64\release\weapon_shield.obj
c:\users\tjsgh\desktop\team_real_final\client\default\x64\release\attack_lbutton_2.obj
c:\users\tjsgh\desktop\team_real_final\client\default\x64\release\body_urd.obj
c:\users\tjsgh\desktop\team_real_final\client\default\x64\release\decorative_mutation2.obj
c:\users\tjsgh\desktop\team_real_final\client\default\x64\release\doorobject.obj
c:\users\tjsgh\desktop\team_real_final\client\default\x64\release\hurtknockback.obj
c:\users\tjsgh\desktop\team_real_final\client\default\x64\release\ladder_climb_r_up.obj
c:\users\tjsgh\desktop\team_real_final\client\default\x64\release\locked_on.obj
c:\users\tjsgh\desktop\team_real_final\client\default\x64\release\normal_evade_br.obj
c:\users\tjsgh\desktop\team_real_final\client\default\x64\release\parrydeflect_r.obj
c:\users\tjsgh\desktop\team_real_final\client\default\x64\release\projectile_fireball.obj
c:\users\tjsgh\desktop\team_real_final\client\default\x64\release\uigroup_gameintro.obj
c:\users\tjsgh\desktop\team_real_final\client\default\x64\release\ui_boss_hp_bar_gage.obj
c:\users\tjsgh\desktop\team_real_final\client\default\x64\release\rock_on_run_b.obj
c:\users\tjsgh\desktop\team_real_final\client\default\x64\release\state.obj
c:\users\tjsgh\desktop\team_real_final\client\default\x64\release\ui_effect_slotframe.obj
c:\users\tjsgh\desktop\team_real_final\client\default\x64\release\ui_leftbackground.obj
c:\users\tjsgh\desktop\team_real_final\client\default\x64\release\ui_nextlinehint.obj
c:\users\tjsgh\desktop\team_real_final\client\default\x64\release\vargknife.obj
c:\users\tjsgh\desktop\team_real_final\client\default\x64\release\client.obj
c:\users\tjsgh\desktop\team_real_final\client\default\x64\release\archivegetup.obj
c:\users\tjsgh\desktop\team_real_final\client\default\x64\release\body_aisemy.obj
c:\users\tjsgh\desktop\team_real_final\client\default\x64\release\body_villagef1.obj
c:\users\tjsgh\desktop\team_real_final\client\default\x64\release\chairlamp.obj
c:\users\tjsgh\desktop\team_real_final\client\default\x64\release\effect_particle.obj
c:\users\tjsgh\desktop\team_real_final\client\default\x64\release\hurtsf.obj
c:\users\tjsgh\desktop\team_real_final\client\default\x64\release\lamp.obj
c:\users\tjsgh\desktop\team_real_final\client\default\x64\release\lockon_evade_l.obj
c:\users\tjsgh\desktop\team_real_final\client\default\x64\release\normal_evade_r.obj
c:\users\tjsgh\desktop\team_real_final\client\default\x64\release\playerskillstate.obj
c:\users\tjsgh\desktop\team_real_final\client\default\x64\release\skillgreadsword.obj
c:\users\tjsgh\desktop\team_real_final\client\default\x64\release\uigroup_playerlevelup.obj
c:\users\tjsgh\desktop\team_real_final\client\default\x64\release\boss_varg.obj
c:\users\tjsgh\desktop\team_real_final\client\default\x64\release\rock_on_run_fr.obj
c:\users\tjsgh\desktop\team_real_final\client\default\x64\release\ui_contentbackground.obj
c:\users\tjsgh\desktop\team_real_final\client\default\x64\release\ui_hpbar1_border.obj
c:\users\tjsgh\desktop\team_real_final\client\default\x64\release\ui_mediaframe.obj
c:\users\tjsgh\desktop\team_real_final\client\default\x64\release\ui_skillicon.obj
c:\users\tjsgh\desktop\team_real_final\client\default\x64\release\weapon_magician_sword.obj
c:\users\tjsgh\desktop\team_real_final\client\default\x64\release\attack_lbutton_3.obj
c:\users\tjsgh\desktop\team_real_final\client\default\x64\release\body_grace.obj
c:\users\tjsgh\desktop\team_real_final\client\default\x64\release\body_villagem1.obj
c:\users\tjsgh\desktop\team_real_final\client\default\x64\release\clawcommon_chargefull.obj
c:\users\tjsgh\desktop\team_real_final\client\default\x64\release\effect_sword.obj
c:\users\tjsgh\desktop\team_real_final\client\default\x64\release\hurtmfl.obj
c:\users\tjsgh\desktop\team_real_final\client\default\x64\release\level_hill.obj
c:\users\tjsgh\desktop\team_real_final\client\default\x64\release\magician_lv1_catched.obj
c:\users\tjsgh\desktop\team_real_final\client\default\x64\release\normal_villagem1.obj
c:\users\tjsgh\desktop\team_real_final\client\default\x64\release\projectile_card.obj
c:\users\tjsgh\desktop\team_real_final\client\default\x64\release\stunnedstart.obj
c:\users\tjsgh\desktop\team_real_final\client\default\x64\release\ui_basetalentindicator.obj
c:\users\tjsgh\desktop\team_real_final\client\default\x64\release\loader.obj
c:\users\tjsgh\desktop\team_real_final\client\default\x64\release\ui_boss_hp_phase.obj
c:\users\tjsgh\desktop\team_real_final\client\default\x64\release\ui_gamelogoimage.obj
c:\users\tjsgh\desktop\team_real_final\client\default\x64\release\ui_lootnotifybackground.obj
c:\users\tjsgh\desktop\team_real_final\client\default\x64\release\ui_scenebackground.obj
c:\users\tjsgh\desktop\team_real_final\client\default\x64\release\weapon_dagger.obj
c:\users\tjsgh\desktop\team_real_final\client\default\x64\release\barrierscreen.obj
c:\users\tjsgh\desktop\team_real_final\client\default\x64\release\body_ghostsemy.obj
c:\users\tjsgh\desktop\team_real_final\client\default\x64\release\boss_bat_camera.obj
c:\users\tjsgh\desktop\team_real_final\client\default\x64\release\circus_balloon.obj
c:\users\tjsgh\desktop\team_real_final\client\default\x64\release\effect_mesh.obj
c:\users\tjsgh\desktop\team_real_final\client\default\x64\release\hurtlf.obj
c:\users\tjsgh\desktop\team_real_final\client\default\x64\release\ladder_climb_start.obj
c:\users\tjsgh\desktop\team_real_final\client\default\x64\release\lockon_evade_f.obj
c:\users\tjsgh\desktop\team_real_final\client\default\x64\release\normal_scythem.obj
c:\users\tjsgh\desktop\team_real_final\client\default\x64\release\playersprint.obj
c:\users\tjsgh\desktop\team_real_final\client\default\x64\release\skillhalberd.obj
c:\users\tjsgh\desktop\team_real_final\client\default\x64\release\uigroup_playermenu.obj
c:\users\tjsgh\desktop\team_real_final\client\default\x64\release\camera_free.obj
c:\users\tjsgh\desktop\team_real_final\client\default\x64\release\object.obj
c:\users\tjsgh\desktop\team_real_final\client\default\x64\release\ui_descbackground.obj
c:\users\tjsgh\desktop\team_real_final\client\default\x64\release\ui_hpbar5_track.obj
c:\users\tjsgh\desktop\team_real_final\client\default\x64\release\ui_mpbar1_border.obj
c:\users\tjsgh\desktop\team_real_final\client\default\x64\release\ui_talent_icon.obj
c:\users\tjsgh\desktop\team_real_final\client\default\x64\release\weapon_monster_scythe.obj
c:\users\tjsgh\desktop\team_real_final\client\default\x64\release\archivesitlight_up.obj
c:\users\tjsgh\desktop\team_real_final\client\default\x64\release\blackscreen.obj
c:\users\tjsgh\desktop\team_real_final\client\default\x64\release\boss_magician2.obj
c:\users\tjsgh\desktop\team_real_final\client\default\x64\release\deadbranch.obj
c:\users\tjsgh\desktop\team_real_final\client\default\x64\release\elite_punch_man.obj
c:\users\tjsgh\desktop\team_real_final\client\default\x64\release\hurtmfr.obj
c:\users\tjsgh\desktop\team_real_final\client\default\x64\release\level_ocean.obj
c:\users\tjsgh\desktop\team_real_final\client\default\x64\release\lockon_evade_r.obj
c:\users\tjsgh\desktop\team_real_final\client\default\x64\release\normal_villagef1.obj
c:\users\tjsgh\desktop\team_real_final\client\default\x64\release\projectile_air.obj
c:\users\tjsgh\desktop\team_real_final\client\default\x64\release\skillscythe.obj
c:\users\tjsgh\desktop\team_real_final\client\default\x64\release\uigroup_playertalent.obj
c:\users\tjsgh\desktop\team_real_final\client\default\x64\release\elite_joker.obj
c:\users\tjsgh\desktop\team_real_final\client\default\x64\release\playeridle.obj
c:\users\tjsgh\desktop\team_real_final\client\default\x64\release\ui_dialoguetalkbackground.obj
c:\users\tjsgh\desktop\team_real_final\client\default\x64\release\ui_itembackground.obj
c:\users\tjsgh\desktop\team_real_final\client\default\x64\release\ui_mpbar2_bg.obj
c:\users\tjsgh\desktop\team_real_final\client\default\x64\release\ui_textbox.obj
c:\users\tjsgh\desktop\team_real_final\client\default\x64\release\weapon_halberd.obj
c:\users\tjsgh\desktop\team_real_final\client\default\x64\release\billboardobject.obj
c:\users\tjsgh\desktop\team_real_final\client\default\x64\release\body_punch_man.obj
c:\users\tjsgh\desktop\team_real_final\client\default\x64\release\boss_bat.obj
c:\users\tjsgh\desktop\team_real_final\client\default\x64\release\clawcommon_chargestart.obj
c:\users\tjsgh\desktop\team_real_final\client\default\x64\release\elevator_door.obj
c:\users\tjsgh\desktop\team_real_final\client\default\x64\release\hurtxxlf.obj
c:\users\tjsgh\desktop\team_real_final\client\default\x64\release\loader_ocean.obj
c:\users\tjsgh\desktop\team_real_final\client\default\x64\release\monster_hp_gage.obj
c:\users\tjsgh\desktop\team_real_final\client\default\x64\release\parrydeflect_large.obj
c:\users\tjsgh\desktop\team_real_final\client\default\x64\release\player_weapon_javelinsword.obj
c:\users\tjsgh\desktop\team_real_final\client\default\x64\release\stunnedend.obj
c:\users\tjsgh\desktop\team_real_final\client\default\x64\release\uigroup_skill.obj
c:\users\tjsgh\desktop\team_real_final\client\default\x64\release\level_loading.obj
c:\users\tjsgh\desktop\team_real_final\client\default\x64\release\rightweapon.obj
c:\users\tjsgh\desktop\team_real_final\client\default\x64\release\ui_effect_frame.obj
c:\users\tjsgh\desktop\team_real_final\client\default\x64\release\ui_landingscreen.obj
c:\users\tjsgh\desktop\team_real_final\client\default\x64\release\ui_plunderslotframe.obj
c:\users\tjsgh\desktop\team_real_final\client\default\x64\release\leftweapon.obj
c:\users\tjsgh\desktop\team_real_final\client\default\x64\release\archivesitloop.obj
c:\users\tjsgh\desktop\team_real_final\client\default\x64\release\body_bat.obj
c:\users\tjsgh\desktop\team_real_final\client\default\x64\release\boss_urd_camera.obj
c:\users\tjsgh\desktop\team_real_final\client\default\x64\release\decorative_mutation.obj
c:\users\tjsgh\desktop\team_real_final\client\default\x64\release\gameitem.obj
c:\users\tjsgh\desktop\team_real_final\client\default\x64\release\ladder_climb_l_up.obj
c:\users\tjsgh\desktop\team_real_final\client\default\x64\release\loader_static_logo.obj
c:\users\tjsgh\desktop\team_real_final\client\default\x64\release\normal_evade_l.obj
c:\users\tjsgh\desktop\team_real_final\client\default\x64\release\playerskillmgr.obj
c:\users\tjsgh\desktop\team_real_final\client\default\x64\release\researcher_cathced.obj
c:\users\tjsgh\desktop\team_real_final\client\default\x64\release\uigroup_loading.obj
c:\users\tjsgh\desktop\team_real_final\client\default\x64\release\boss_magician.obj
c:\users\tjsgh\desktop\team_real_final\client\default\x64\release\rock_on_run_fl.obj
c:\users\tjsgh\desktop\team_real_final\client\default\x64\release\ui_buttonhighlight.obj
c:\users\tjsgh\desktop\team_real_final\client\default\x64\release\ui_hightlightbar.obj
c:\users\tjsgh\desktop\team_real_final\client\default\x64\release\ui_mapentryframe.obj
c:\users\tjsgh\desktop\team_real_final\client\default\x64\release\ui_sceneunderbackground.obj
c:\users\tjsgh\desktop\team_real_final\client\default\x64\release\weapon_axe.obj
c:\users\tjsgh\desktop\team_real_final\client\default\x64\release\attack_longclaw_1.obj
c:\users\tjsgh\desktop\team_real_final\client\default\x64\release\body_researcher.obj
c:\users\tjsgh\desktop\team_real_final\client\default\x64\release\camera_debug.obj
c:\users\tjsgh\desktop\team_real_final\client\default\x64\release\destructobject.obj
c:\users\tjsgh\desktop\team_real_final\client\default\x64\release\harmorlv2.obj
c:\users\tjsgh\desktop\team_real_final\client\default\x64\release\ladder_climb_r_up_end.obj
c:\users\tjsgh\desktop\team_real_final\client\default\x64\release\lockline.obj
c:\users\tjsgh\desktop\team_real_final\client\default\x64\release\normal_evade_fl.obj
c:\users\tjsgh\desktop\team_real_final\client\default\x64\release\player.obj
c:\users\tjsgh\desktop\team_real_final\client\default\x64\release\skillcane.obj
c:\users\tjsgh\desktop\team_real_final\client\default\x64\release\uigroup_mapchange.obj
c:\users\tjsgh\desktop\team_real_final\client\default\x64\release\states.obj
c:\users\tjsgh\desktop\team_real_final\client\default\x64\release\mainapp.obj
c:\users\tjsgh\desktop\team_real_final\client\default\x64\release\ui_boss_hp_bar.obj
c:\users\tjsgh\desktop\team_real_final\client\default\x64\release\ui_frame_poison.obj
c:\users\tjsgh\desktop\team_real_final\client\default\x64\release\ui_levelimage.obj
c:\users\tjsgh\desktop\team_real_final\client\default\x64\release\ui_questbackground.obj
c:\users\tjsgh\desktop\team_real_final\client\default\x64\release\weapon_book.obj
c:\users\tjsgh\desktop\team_real_final\client\default\x64\release\attack_longclaw_2.obj
c:\users\tjsgh\desktop\team_real_final\client\default\x64\release\body_varg.obj
c:\users\tjsgh\desktop\team_real_final\client\default\x64\release\button.obj
c:\users\tjsgh\desktop\team_real_final\client\default\x64\release\decorative_tonic.obj
c:\users\tjsgh\desktop\team_real_final\client\default\x64\release\glass_staticobject.obj
c:\users\tjsgh\desktop\team_real_final\client\default\x64\release\ladder_climb_r_down.obj
c:\users\tjsgh\desktop\team_real_final\client\default\x64\release\loader_tutorial.obj
c:\users\tjsgh\desktop\team_real_final\client\default\x64\release\normal_evade_f.obj
c:\users\tjsgh\desktop\team_real_final\client\default\x64\release\parry_l.obj
c:\users\tjsgh\desktop\team_real_final\client\default\x64\release\projectile_intro_card.obj
c:\users\tjsgh\desktop\team_real_final\client\default\x64\release\uigroup_inventory.obj
c:\users\tjsgh\desktop\team_real_final\client\default\x64\release\state_machine.obj
c:\users\tjsgh\desktop\team_real_final\client\default\x64\release\rock_on_run_br.obj
c:\users\tjsgh\desktop\team_real_final\client\default\x64\release\statemgr.obj
c:\users\tjsgh\desktop\team_real_final\client\default\x64\release\ui_feather_icon.obj
c:\users\tjsgh\desktop\team_real_final\client\default\x64\release\ui_loadingicon.obj
c:\users\tjsgh\desktop\team_real_final\client\default\x64\release\ui_potion_defaulttype.obj
c:\users\tjsgh\desktop\team_real_final\client\default\x64\release\varg_catched.obj
c:\users\tjsgh\desktop\team_real_final\client\default\x64\release\attack_lbutton_5.obj
c:\users\tjsgh\desktop\team_real_final\client\default\x64\release\body_magician.obj
c:\users\tjsgh\desktop\team_real_final\client\default\x64\release\boss_mutation_magician_camera.obj
c:\users\tjsgh\desktop\team_real_final\client\default\x64\release\decorative_researcher.obj
c:\users\tjsgh\desktop\team_real_final\client\default\x64\release\ghostaisemy.obj
c:\users\tjsgh\desktop\team_real_final\client\default\x64\release\ladder_climb_l_down.obj
c:\users\tjsgh\desktop\team_real_final\client\default\x64\release\loader_hill.obj
c:\users\tjsgh\desktop\team_real_final\client\default\x64\release\monster_hp_gage_effect.obj
c:\users\tjsgh\desktop\team_real_final\client\default\x64\release\parrydeflect_rup.obj
c:\users\tjsgh\desktop\team_real_final\client\default\x64\release\projectile_dagger.obj
c:\users\tjsgh\desktop\team_real_final\client\default\x64\release\triggerobject.obj
c:\users\tjsgh\desktop\team_real_final\client\default\x64\release\ui_bar_poison.obj
c:\users\tjsgh\desktop\team_real_final\client\default\x64\release\level_logo.obj
c:\users\tjsgh\desktop\team_real_final\client\default\x64\release\sky.obj
c:\users\tjsgh\desktop\team_real_final\client\default\x64\release\ui_dialoguewindowbackground.obj
c:\users\tjsgh\desktop\team_real_final\client\default\x64\release\ui_item_icon.obj
c:\users\tjsgh\desktop\team_real_final\client\default\x64\release\ui_mpbar3_mainbar.obj
c:\users\tjsgh\desktop\team_real_final\client\default\x64\release\ui_titlebackgroundbar.obj
c:\users\tjsgh\desktop\team_real_final\client\default\x64\release\weapon_urd_sword.obj
c:\users\tjsgh\desktop\team_real_final\client\default\x64\release\attack_lbutton_4.obj
c:\users\tjsgh\desktop\team_real_final\client\default\x64\release\body_scythem.obj
c:\users\tjsgh\desktop\team_real_final\client\default\x64\release\boss_varg_camera.obj
c:\users\tjsgh\desktop\team_real_final\client\default\x64\release\decorative_spike.obj
c:\users\tjsgh\desktop\team_real_final\client\default\x64\release\emissive_staticobject.obj
c:\users\tjsgh\desktop\team_real_final\client\default\x64\release\hurt_falldown.obj
c:\users\tjsgh\desktop\team_real_final\client\default\x64\release\loader_royalgarden.obj
c:\users\tjsgh\desktop\team_real_final\client\default\x64\release\normal_evade_b.obj
c:\users\tjsgh\desktop\team_real_final\client\default\x64\release\parrydeflect_l.obj
c:\users\tjsgh\desktop\team_real_final\client\default\x64\release\player_weapon_greadsword.obj
c:\users\tjsgh\desktop\team_real_final\client\default\x64\release\stunnedloop.obj
c:\users\tjsgh\desktop\team_real_final\client\default\x64\release\ui_arrow.obj
c:\users\tjsgh\desktop\team_real_final\client\default\x64\release\environmentobject.obj
c:\users\tjsgh\desktop\team_real_final\client\default\x64\release\rock_on_run_l.obj
c:\users\tjsgh\desktop\team_real_final\client\default\x64\release\ui_decorationframe.obj
c:\users\tjsgh\desktop\team_real_final\client\default\x64\release\ui_hpbar2_bg.obj
c:\users\tjsgh\desktop\team_real_final\client\default\x64\release\ui_memoryshardsicon.obj
c:\users\tjsgh\desktop\team_real_final\client\default\x64\release\ui_squareframe.obj
c:\users\tjsgh\desktop\team_real_final\client\default\x64\release\weapon_magician2_sword.obj
c:\users\tjsgh\desktop\team_real_final\client\default\x64\release\archivesitstart.obj
c:\users\tjsgh\desktop\team_real_final\client\default\x64\release\body_player.obj
c:\users\tjsgh\desktop\team_real_final\client\default\x64\release\camera_logo.obj
c:\users\tjsgh\desktop\team_real_final\client\default\x64\release\doormanager.obj
c:\users\tjsgh\desktop\team_real_final\client\default\x64\release\harmorlv1_execution.obj
c:\users\tjsgh\desktop\team_real_final\client\default\x64\release\ladder_climb_l_down_end.obj
c:\users\tjsgh\desktop\team_real_final\client\default\x64\release\level_royalgarden.obj
c:\users\tjsgh\desktop\team_real_final\client\default\x64\release\monster_hp_bar_effect.obj
c:\users\tjsgh\desktop\team_real_final\client\default\x64\release\parrydeflect_lup.obj
c:\users\tjsgh\desktop\team_real_final\client\default\x64\release\player_weapon_cane.obj
c:\users\tjsgh\desktop\team_real_final\client\default\x64\release\stand_stack_sword.obj
c:\users\tjsgh\desktop\team_real_final\client\default\x64\release\ui_attribute_slot_active.obj
c:\users\tjsgh\desktop\team_real_final\client\default\x64\release\ladder.obj
c:\users\tjsgh\desktop\team_real_final\client\default\x64\release\staticobject.obj
c:\users\tjsgh\desktop\team_real_final\client\default\x64\release\ui_dialogbackground.obj
c:\users\tjsgh\desktop\team_real_final\client\default\x64\release\ui_indicator_selected.obj
c:\users\tjsgh\desktop\team_real_final\client\default\x64\release\ui_mousecursor.obj
c:\users\tjsgh\desktop\team_real_final\client\default\x64\release\ui_squareframe_hover.obj
c:\users\tjsgh\desktop\team_real_final\client\default\x64\release\weapon_scythe.obj
c:\users\tjsgh\desktop\team_real_final\client\default\x64\release\attack_lbutton_1.obj
c:\users\tjsgh\desktop\team_real_final\client\default\x64\release\body_villagef0.obj
c:\users\tjsgh\desktop\team_real_final\client\default\x64\release\chair.obj
c:\users\tjsgh\desktop\team_real_final\client\default\x64\release\effect_instancing.obj
c:\users\tjsgh\desktop\team_real_final\client\default\x64\release\hurtknockdown.obj
c:\users\tjsgh\desktop\team_real_final\client\default\x64\release\ladder_climb_r_up_reverse_end.obj
c:\users\tjsgh\desktop\team_real_final\client\default\x64\release\lockon_evade_b.obj
c:\users\tjsgh\desktop\team_real_final\client\default\x64\release\normal_evade_fr.obj
c:\users\tjsgh\desktop\team_real_final\client\default\x64\release\playercamera.obj
c:\users\tjsgh\desktop\team_real_final\client\default\x64\release\skillaxe.obj
c:\users\tjsgh\desktop\team_real_final\client\default\x64\release\uigroup_dialogue.obj
c:\users\tjsgh\desktop\team_real_final\client\default\x64\release\ui_blackbar.obj
c:\users\tjsgh\desktop\team_real_final\client\default\x64\release\rock_on_run_f.obj
c:\users\tjsgh\desktop\team_real_final\client\default\x64\release\ui_buttonbackground.obj
c:\users\tjsgh\desktop\team_real_final\client\default\x64\release\ui_frame.obj
c:\users\tjsgh\desktop\team_real_final\client\default\x64\release\ui_loadingscreen.obj
c:\users\tjsgh\desktop\team_real_final\client\default\x64\release\ui_sceneabovebackground.obj
c:\users\tjsgh\desktop\team_real_final\client\default\x64\release\water.obj
c:\users\tjsgh\desktop\team_real_final\client\default\x64\release\background.obj
c:\users\tjsgh\desktop\team_real_final\client\default\x64\release\body_joker.obj
c:\users\tjsgh\desktop\team_real_final\client\default\x64\release\body_villagem0.obj
c:\users\tjsgh\desktop\team_real_final\client\default\x64\release\clawcommon_chargeloop.obj
c:\users\tjsgh\desktop\team_real_final\client\default\x64\release\elite_grace.obj
c:\users\tjsgh\desktop\team_real_final\client\default\x64\release\hurtsl.obj
c:\users\tjsgh\desktop\team_real_final\client\default\x64\release\level_tutorial.obj
c:\users\tjsgh\desktop\team_real_final\client\default\x64\release\magician_lv2_catched.obj
c:\users\tjsgh\desktop\team_real_final\client\default\x64\release\normal_villagef0.obj
c:\users\tjsgh\desktop\team_real_final\client\default\x64\release\player_weapon_cane_sword.obj
c:\users\tjsgh\desktop\team_real_final\client\default\x64\release\specificobject.obj
c:\users\tjsgh\desktop\team_real_final\client\default\x64\release\ui_arrow_long.obj
c:\users\tjsgh\desktop\team_real_final\client\default\x64\release\joker_weapon.obj
c:\users\tjsgh\desktop\team_real_final\client\default\x64\release\rock_on_run_r.obj
c:\users\tjsgh\desktop\team_real_final\client\default\x64\release\ui_decorationline.obj
c:\users\tjsgh\desktop\team_real_final\client\default\x64\release\ui_hpbar3_mainbar.obj
c:\users\tjsgh\desktop\team_real_final\client\default\x64\release\ui_map_save_image.obj
c:\users\tjsgh\desktop\team_real_final\client\default\x64\release\ui_skill_slot.obj
c:\users\tjsgh\desktop\team_real_final\client\default\x64\release\weapon_greatsword.obj
c:\users\tjsgh\desktop\team_real_final\client\default\x64\release\aisemy.obj
c:\users\tjsgh\desktop\team_real_final\client\default\x64\release\body_harmorlv2.obj
c:\users\tjsgh\desktop\team_real_final\client\default\x64\release\boss_magician_camera.obj
c:\users\tjsgh\desktop\team_real_final\client\default\x64\release\clawweapon.obj
c:\users\tjsgh\desktop\team_real_final\client\default\x64\release\elite_researcher.obj
c:\users\tjsgh\desktop\team_real_final\client\default\x64\release\ladderobject.obj
c:\users\tjsgh\desktop\team_real_final\client\default\x64\release\loader_seaoftrees.obj
c:\users\tjsgh\desktop\team_real_final\client\default\x64\release\normal_evade_bl.obj
c:\users\tjsgh\desktop\team_real_final\client\default\x64\release\parry_r.obj
c:\users\tjsgh\desktop\team_real_final\client\default\x64\release\rebound_r.obj
c:\users\tjsgh\desktop\team_real_final\client\default\x64\release\uigroup_landing.obj
c:\users\tjsgh\desktop\team_real_final\client\default\x64\release\ui_boss_hp_bar_gage_effect.obj
c:\users\tjsgh\desktop\team_real_final\client\default\x64\release\rock_on_run_bl.obj
c:\users\tjsgh\desktop\team_real_final\client\default\x64\release\terrain.obj
c:\users\tjsgh\desktop\team_real_final\client\default\x64\release\ui_fixslotframe.obj
c:\users\tjsgh\desktop\team_real_final\client\default\x64\release\ui_lockedicon.obj
c:\users\tjsgh\desktop\team_real_final\client\default\x64\release\ui_rightbackground.obj
c:\users\tjsgh\desktop\team_real_final\client\default\x64\release\weapon_cane.obj
c:\users\tjsgh\desktop\team_real_final\client\default\x64\release\ui_endingscene.obj
c:\users\tjsgh\desktop\team_real_final\client\default\x64\release\ui_yellowscreen.obj
c:\users\tjsgh\desktop\team_real_final\client\bin\release\shader_effect_instancing.cso
c:\users\tjsgh\desktop\team_real_final\client\bin\release\shader_effect_sword.cso
c:\users\tjsgh\desktop\team_real_final\client\bin\release\shader_fog.cso
c:\users\tjsgh\desktop\team_real_final\client\bin\release\shader_vtxanimmesh.cso
c:\users\tjsgh\desktop\team_real_final\client\bin\release\shader_vtxanimmeshnodefferd.cso
c:\users\tjsgh\desktop\team_real_final\client\bin\release\shader_vtxdestructmesh.cso
c:\users\tjsgh\desktop\team_real_final\client\bin\release\shader_vtxfadetex.cso
c:\users\tjsgh\desktop\team_real_final\client\bin\release\shader_vtxitemtex.cso
c:\users\tjsgh\desktop\team_real_final\client\bin\release\shader_vtxmeshnodefferd.cso
c:\users\tjsgh\desktop\team_real_final\client\bin\release\shader_vtxcube.cso
c:\users\tjsgh\desktop\team_real_final\client\bin\release\shader_vtxnortex.cso
c:\users\tjsgh\desktop\team_real_final\client\bin\release\shader_vtxpointinstance.cso
c:\users\tjsgh\desktop\team_real_final\client\bin\release\shader_vtxpointinstance_compute.cso
c:\users\tjsgh\desktop\team_real_final\client\bin\release\shader_vtxpostex.cso
c:\users\tjsgh\desktop\team_real_final\client\bin\release\shader_vtxpostexage.cso
c:\users\tjsgh\desktop\team_real_final\client\bin\release\shader_vtxpostexinstance.cso
c:\users\tjsgh\desktop\team_real_final\client\bin\release\shader_water.cso
c:\users\tjsgh\desktop\team_real_final\client\bin\release\shader_vtxinstancemesh.cso
c:\users\tjsgh\desktop\team_real_final\client\bin\release\shader_vtxmesh.cso
c:\users\tjsgh\desktop\team_real_final\client\bin\release\shader_vtxpostex_ui.cso
c:\users\tjsgh\desktop\team_real_final\client\bin\release\shader_effect.cso
c:\users\tjsgh\desktop\team_real_final\client\bin\release\client.exe
c:\users\tjsgh\desktop\team_real_final\client\bin\release\client.pdb
c:\users\tjsgh\desktop\team_real_final\client\default\x64\release\client.res
c:\users\tjsgh\desktop\team_real_final\client\default\x64\release\client.ipdb
c:\users\tjsgh\desktop\team_real_final\client\default\x64\release\client.iobj
c:\users\tjsgh\desktop\team_real_final\client\default\x64\release\client.tlog\cl.command.1.tlog
c:\users\tjsgh\desktop\team_real_final\client\default\x64\release\client.tlog\cl.items.tlog
c:\users\tjsgh\desktop\team_real_final\client\default\x64\release\client.tlog\cl.read.1.tlog
c:\users\tjsgh\desktop\team_real_final\client\default\x64\release\client.tlog\cl.write.1.tlog
c:\users\tjsgh\desktop\team_real_final\client\default\x64\release\client.tlog\fxc.command.1.tlog
c:\users\tjsgh\desktop\team_real_final\client\default\x64\release\client.tlog\fxc.read.1.tlog
c:\users\tjsgh\desktop\team_real_final\client\default\x64\release\client.tlog\fxc.write.1.tlog
c:\users\tjsgh\desktop\team_real_final\client\default\x64\release\client.tlog\link.command.1.tlog
c:\users\tjsgh\desktop\team_real_final\client\default\x64\release\client.tlog\link.read.1.tlog
c:\users\tjsgh\desktop\team_real_final\client\default\x64\release\client.tlog\link.secondary.1.tlog
c:\users\tjsgh\desktop\team_real_final\client\default\x64\release\client.tlog\link.write.1.tlog
c:\users\tjsgh\desktop\team_real_final\client\default\x64\release\client.tlog\rc.command.1.tlog
c:\users\tjsgh\desktop\team_real_final\client\default\x64\release\client.tlog\rc.read.1.tlog
c:\users\tjsgh\desktop\team_real_final\client\default\x64\release\client.tlog\rc.write.1.tlog
