c:\users\tjsgh\desktop\really_fianl\engine\default\x64\release\bounding_obb.obj
c:\users\tjsgh\desktop\really_fianl\engine\default\x64\release\debugdraw.obj
c:\users\tjsgh\desktop\really_fianl\engine\default\x64\release\font_manager.obj
c:\users\tjsgh\desktop\really_fianl\engine\default\x64\release\light_dynamic.obj
c:\users\tjsgh\desktop\really_fianl\engine\default\x64\release\partobject.obj
c:\users\tjsgh\desktop\really_fianl\engine\default\x64\release\shader_compute_deferred.obj
c:\users\tjsgh\desktop\really_fianl\engine\default\x64\release\ui_button.obj
c:\users\tjsgh\desktop\really_fianl\engine\default\x64\release\vibuffer_point_compute.obj
c:\users\tjsgh\desktop\really_fianl\engine\default\x64\release\animation.obj
c:\users\tjsgh\desktop\really_fianl\engine\default\x64\release\eventmgr.obj
c:\users\tjsgh\desktop\really_fianl\engine\default\x64\release\material.obj
c:\users\tjsgh\desktop\really_fianl\engine\default\x64\release\projectile.obj
c:\users\tjsgh\desktop\really_fianl\engine\default\x64\release\target_manager.obj
c:\users\tjsgh\desktop\really_fianl\engine\default\x64\release\ui_scene.obj
c:\users\tjsgh\desktop\really_fianl\engine\default\x64\release\vibuffer_point_instancing.obj
c:\users\tjsgh\desktop\really_fianl\engine\default\x64\release\base.obj
c:\users\tjsgh\desktop\really_fianl\engine\default\x64\release\event.obj
c:\users\tjsgh\desktop\really_fianl\engine\default\x64\release\level.obj
c:\users\tjsgh\desktop\really_fianl\engine\default\x64\release\physx_manager.obj
c:\users\tjsgh\desktop\really_fianl\engine\default\x64\release\swordtrail_buffer.obj
c:\users\tjsgh\desktop\really_fianl\engine\default\x64\release\ui_manager.obj
c:\users\tjsgh\desktop\really_fianl\engine\default\x64\release\bounding.obj
c:\users\tjsgh\desktop\really_fianl\engine\default\x64\release\containerobject.obj
c:\users\tjsgh\desktop\really_fianl\engine\default\x64\release\layer.obj
c:\users\tjsgh\desktop\really_fianl\engine\default\x64\release\object_manager.obj
c:\users\tjsgh\desktop\really_fianl\engine\default\x64\release\shader_compute.obj
c:\users\tjsgh\desktop\really_fianl\engine\default\x64\release\uiobject.obj
c:\users\tjsgh\desktop\really_fianl\engine\default\x64\release\vibuffer_particle_instancing.obj
c:\users\tjsgh\desktop\really_fianl\engine\default\x64\release\bone.obj
c:\users\tjsgh\desktop\really_fianl\engine\default\x64\release\input_device.obj
c:\users\tjsgh\desktop\really_fianl\engine\default\x64\release\light_manager.obj
c:\users\tjsgh\desktop\really_fianl\engine\default\x64\release\pipeline.obj
c:\users\tjsgh\desktop\really_fianl\engine\default\x64\release\shadow.obj
c:\users\tjsgh\desktop\really_fianl\engine\default\x64\release\ui_text.obj
c:\users\tjsgh\desktop\really_fianl\engine\default\x64\release\vibuffer_rect_instancing.obj
c:\users\tjsgh\desktop\really_fianl\engine\default\x64\release\channel.obj
c:\users\tjsgh\desktop\really_fianl\engine\default\x64\release\gameobject.obj
c:\users\tjsgh\desktop\really_fianl\engine\default\x64\release\mesh.obj
c:\users\tjsgh\desktop\really_fianl\engine\default\x64\release\prototype_manager.obj
c:\users\tjsgh\desktop\really_fianl\engine\default\x64\release\timer_manager.obj
c:\users\tjsgh\desktop\really_fianl\engine\default\x64\release\vibuffer_cube.obj
c:\users\tjsgh\desktop\really_fianl\engine\default\x64\release\collisionmgr.obj
c:\users\tjsgh\desktop\really_fianl\engine\default\x64\release\effect.obj
c:\users\tjsgh\desktop\really_fianl\engine\default\x64\release\itemmgr.obj
c:\users\tjsgh\desktop\really_fianl\engine\default\x64\release\model.obj
c:\users\tjsgh\desktop\really_fianl\engine\default\x64\release\renderer.obj
c:\users\tjsgh\desktop\really_fianl\engine\default\x64\release\triggermanager.obj
c:\users\tjsgh\desktop\really_fianl\engine\default\x64\release\vibuffer_effect_rect_instancing.obj
c:\users\tjsgh\desktop\really_fianl\engine\default\x64\release\collider.obj
c:\users\tjsgh\desktop\really_fianl\engine\default\x64\release\edge_cell.obj
c:\users\tjsgh\desktop\really_fianl\engine\default\x64\release\gameinstance.obj
c:\users\tjsgh\desktop\really_fianl\engine\default\x64\release\navigation.obj
c:\users\tjsgh\desktop\really_fianl\engine\default\x64\release\shader.obj
c:\users\tjsgh\desktop\really_fianl\engine\default\x64\release\trigger.obj
c:\users\tjsgh\desktop\really_fianl\engine\default\x64\release\vibuffer_mesh_instancing.obj
c:\users\tjsgh\desktop\really_fianl\engine\default\x64\release\cell.obj
c:\users\tjsgh\desktop\really_fianl\engine\default\x64\release\frustum.obj
c:\users\tjsgh\desktop\really_fianl\engine\default\x64\release\monster_manager.obj
c:\users\tjsgh\desktop\really_fianl\engine\default\x64\release\ripplemanager.obj
c:\users\tjsgh\desktop\really_fianl\engine\default\x64\release\transform.obj
c:\users\tjsgh\desktop\really_fianl\engine\default\x64\release\vibuffer_edge_cell.obj
c:\users\tjsgh\desktop\really_fianl\engine\default\x64\release\bounding_aabb.obj
c:\users\tjsgh\desktop\really_fianl\engine\default\x64\release\component.obj
c:\users\tjsgh\desktop\really_fianl\engine\default\x64\release\graphic_device.obj
c:\users\tjsgh\desktop\really_fianl\engine\default\x64\release\level_manager.obj
c:\users\tjsgh\desktop\really_fianl\engine\default\x64\release\projectile_manager.obj
c:\users\tjsgh\desktop\really_fianl\engine\default\x64\release\texture.obj
c:\users\tjsgh\desktop\really_fianl\engine\default\x64\release\vibuffer_cell.obj
c:\users\tjsgh\desktop\really_fianl\engine\default\x64\release\engine_struct.obj
c:\users\tjsgh\desktop\really_fianl\engine\default\x64\release\bounding_sphere.obj
c:\users\tjsgh\desktop\really_fianl\engine\default\x64\release\customfont.obj
c:\users\tjsgh\desktop\really_fianl\engine\default\x64\release\effectmgr.obj
c:\users\tjsgh\desktop\really_fianl\engine\default\x64\release\light.obj
c:\users\tjsgh\desktop\really_fianl\engine\default\x64\release\physx_simulationeventcallback.obj
c:\users\tjsgh\desktop\really_fianl\engine\default\x64\release\soundmgr.obj
c:\users\tjsgh\desktop\really_fianl\engine\default\x64\release\ui_image.obj
c:\users\tjsgh\desktop\really_fianl\engine\default\x64\release\vibuffer_rect.obj
c:\users\tjsgh\desktop\really_fianl\engine\default\x64\release\camera.obj
c:\users\tjsgh\desktop\really_fianl\engine\default\x64\release\item.obj
c:\users\tjsgh\desktop\really_fianl\engine\default\x64\release\monster.obj
c:\users\tjsgh\desktop\really_fianl\engine\default\x64\release\rendertarget.obj
c:\users\tjsgh\desktop\really_fianl\engine\default\x64\release\timer.obj
c:\users\tjsgh\desktop\really_fianl\engine\default\x64\release\vibuffer.obj
c:\users\tjsgh\desktop\really_fianl\engine\default\x64\release\vibuffer_terrain.obj
c:\users\tjsgh\desktop\really_fianl\engine\default\x64\release\vc143.pdb
c:\users\tjsgh\desktop\really_fianl\engine\bin\release\shader_cell.cso
c:\users\tjsgh\desktop\really_fianl\engine\bin\release\shader_compute.cso
c:\users\tjsgh\desktop\really_fianl\engine\bin\release\shader_compute_fog.cso
c:\users\tjsgh\desktop\really_fianl\engine\bin\release\shader_compute_sample.cso
c:\users\tjsgh\desktop\really_fianl\engine\bin\release\shader_deferred.cso
c:\users\tjsgh\desktop\really_fianl\engine\bin\release\shader_shadow.cso
c:\users\tjsgh\desktop\really_fianl\engine\bin\release\engine_r.dll
c:\users\tjsgh\desktop\really_fianl\engine\bin\release\engine_r.pdb
c:\users\tjsgh\desktop\really_fianl\engine\bin\release\engine_r.lib
c:\users\tjsgh\desktop\really_fianl\engine\bin\release\engine_r.exp
c:\users\tjsgh\desktop\really_fianl\engine\default\x64\release\engine_r.ipdb
c:\users\tjsgh\desktop\really_fianl\engine\default\x64\release\engine_r.iobj
c:\users\tjsgh\desktop\really_fianl\engine\default\x64\release\engine.tlog\cl.11528.write.1.tlog
c:\users\tjsgh\desktop\really_fianl\engine\default\x64\release\engine.tlog\cl.command.1.tlog
c:\users\tjsgh\desktop\really_fianl\engine\default\x64\release\engine.tlog\cl.items.tlog
c:\users\tjsgh\desktop\really_fianl\engine\default\x64\release\engine.tlog\cl.read.1.tlog
c:\users\tjsgh\desktop\really_fianl\engine\default\x64\release\engine.tlog\fxc.command.1.tlog
c:\users\tjsgh\desktop\really_fianl\engine\default\x64\release\engine.tlog\fxc.read.1.tlog
c:\users\tjsgh\desktop\really_fianl\engine\default\x64\release\engine.tlog\fxc.write.1.tlog
c:\users\tjsgh\desktop\really_fianl\engine\default\x64\release\engine.tlog\link.command.1.tlog
c:\users\tjsgh\desktop\really_fianl\engine\default\x64\release\engine.tlog\link.read.1.tlog
c:\users\tjsgh\desktop\really_fianl\engine\default\x64\release\engine.tlog\link.secondary.1.tlog
c:\users\tjsgh\desktop\really_fianl\engine\default\x64\release\engine.tlog\link.write.1.tlog
