c:\users\tjsgh\desktop\team_real_final\client\default\x64\debug\client.pch
c:\users\tjsgh\desktop\team_real_final\client\default\x64\debug\vc143.pdb
c:\users\tjsgh\desktop\team_real_final\client\default\x64\debug\vc143.idb
c:\users\tjsgh\desktop\team_real_final\client\default\x64\debug\pch.obj
c:\users\tjsgh\desktop\team_real_final\client\default\x64\debug\weapon_axe.obj
c:\users\tjsgh\desktop\team_real_final\client\default\x64\debug\normal_villagem1.obj
c:\users\tjsgh\desktop\team_real_final\client\default\x64\debug\level_royalgarden.obj
c:\users\tjsgh\desktop\team_real_final\client\default\x64\debug\level_ocean.obj
c:\users\tjsgh\desktop\team_real_final\client\default\x64\debug\normal_villagef1.obj
c:\users\tjsgh\desktop\team_real_final\client\default\x64\debug\body_ghostsemy.obj
c:\users\tjsgh\desktop\team_real_final\client\default\x64\debug\boss_bat.obj
c:\users\tjsgh\desktop\team_real_final\client\default\x64\debug\decorative_tonic.obj
c:\users\tjsgh\desktop\team_real_final\client\default\x64\debug\glass_staticobject.obj
c:\users\tjsgh\desktop\team_real_final\client\default\x64\debug\loader_hill.obj
c:\users\tjsgh\desktop\team_real_final\client\default\x64\debug\projectile_card.obj
c:\users\tjsgh\desktop\team_real_final\client\default\x64\debug\uigroup_loading.obj
c:\users\tjsgh\desktop\team_real_final\client\default\x64\debug\ui_boss_hp_phase.obj
c:\users\tjsgh\desktop\team_real_final\client\default\x64\debug\ui_frame.obj
c:\users\tjsgh\desktop\team_real_final\client\default\x64\debug\ui_loadingicon.obj
c:\users\tjsgh\desktop\team_real_final\client\default\x64\debug\ui_rightbackground.obj
c:\users\tjsgh\desktop\team_real_final\client\default\x64\debug\weapon_cane.obj
c:\users\tjsgh\desktop\team_real_final\client\default\x64\debug\attack_lbutton_5.obj
c:\users\tjsgh\desktop\team_real_final\client\default\x64\debug\hurtlf.obj
c:\users\tjsgh\desktop\team_real_final\client\default\x64\debug\ladder_climb_r_up_end.obj
c:\users\tjsgh\desktop\team_real_final\client\default\x64\debug\normal_evade_fr.obj
c:\users\tjsgh\desktop\team_real_final\client\default\x64\debug\player_weapon_axe.obj
c:\users\tjsgh\desktop\team_real_final\client\default\x64\debug\skillaxe.obj
c:\users\tjsgh\desktop\team_real_final\client\default\x64\debug\client.obj
c:\users\tjsgh\desktop\team_real_final\client\default\x64\debug\body_villagem0.obj
c:\users\tjsgh\desktop\team_real_final\client\default\x64\debug\doormanager.obj
c:\users\tjsgh\desktop\team_real_final\client\default\x64\debug\ghostaisemy.obj
c:\users\tjsgh\desktop\team_real_final\client\default\x64\debug\level_hill.obj
c:\users\tjsgh\desktop\team_real_final\client\default\x64\debug\monster_hp_gage_effect.obj
c:\users\tjsgh\desktop\team_real_final\client\default\x64\debug\states.obj
c:\users\tjsgh\desktop\team_real_final\client\default\x64\debug\ui_arrow.obj
c:\users\tjsgh\desktop\team_real_final\client\default\x64\debug\ui_descbackground.obj
c:\users\tjsgh\desktop\team_real_final\client\default\x64\debug\ui_hightlightbar.obj
c:\users\tjsgh\desktop\team_real_final\client\default\x64\debug\ui_map_save_image.obj
c:\users\tjsgh\desktop\team_real_final\client\default\x64\debug\ui_squareframe.obj
c:\users\tjsgh\desktop\team_real_final\client\default\x64\debug\weapon_shield.obj
c:\users\tjsgh\desktop\team_real_final\client\default\x64\debug\boss_urd_camera.obj
c:\users\tjsgh\desktop\team_real_final\client\default\x64\debug\hurtknockdown.obj
c:\users\tjsgh\desktop\team_real_final\client\default\x64\debug\lockon_evade_r.obj
c:\users\tjsgh\desktop\team_real_final\client\default\x64\debug\parrydeflect_r.obj
c:\users\tjsgh\desktop\team_real_final\client\default\x64\debug\rebound_r.obj
c:\users\tjsgh\desktop\team_real_final\client\default\x64\debug\skillscythe.obj
c:\users\tjsgh\desktop\team_real_final\client\default\x64\debug\body_punch_man.obj
c:\users\tjsgh\desktop\team_real_final\client\default\x64\debug\effect_mesh.obj
c:\users\tjsgh\desktop\team_real_final\client\default\x64\debug\ladder.obj
c:\users\tjsgh\desktop\team_real_final\client\default\x64\debug\lockline.obj
c:\users\tjsgh\desktop\team_real_final\client\default\x64\debug\player.obj
c:\users\tjsgh\desktop\team_real_final\client\default\x64\debug\uigroup_playerlevelup.obj
c:\users\tjsgh\desktop\team_real_final\client\default\x64\debug\ui_buttonhighlight.obj
c:\users\tjsgh\desktop\team_real_final\client\default\x64\debug\ui_gamelogoimage.obj
c:\users\tjsgh\desktop\team_real_final\client\default\x64\debug\ui_lootnotifybackground.obj
c:\users\tjsgh\desktop\team_real_final\client\default\x64\debug\ui_scenebackground.obj
c:\users\tjsgh\desktop\team_real_final\client\default\x64\debug\weapon_greatsword.obj
c:\users\tjsgh\desktop\team_real_final\client\default\x64\debug\attack_longclaw_2.obj
c:\users\tjsgh\desktop\team_real_final\client\default\x64\debug\hurtsl.obj
c:\users\tjsgh\desktop\team_real_final\client\default\x64\debug\leftweapon.obj
c:\users\tjsgh\desktop\team_real_final\client\default\x64\debug\normal_evade_r.obj
c:\users\tjsgh\desktop\team_real_final\client\default\x64\debug\player_weapon_cane_sword.obj
c:\users\tjsgh\desktop\team_real_final\client\default\x64\debug\skillgreadsword.obj
c:\users\tjsgh\desktop\team_real_final\client\default\x64\debug\body_urd.obj
c:\users\tjsgh\desktop\team_real_final\client\default\x64\debug\effect_instancing.obj
c:\users\tjsgh\desktop\team_real_final\client\default\x64\debug\groundobject.obj
c:\users\tjsgh\desktop\team_real_final\client\default\x64\debug\loader_seaoftrees.obj
c:\users\tjsgh\desktop\team_real_final\client\default\x64\debug\projectile_air.obj
c:\users\tjsgh\desktop\team_real_final\client\default\x64\debug\uigroup_landing.obj
c:\users\tjsgh\desktop\team_real_final\client\default\x64\debug\ui_boss_hp_bar_gage_effect.obj
c:\users\tjsgh\desktop\team_real_final\client\default\x64\debug\ui_fixslotframe.obj
c:\users\tjsgh\desktop\team_real_final\client\default\x64\debug\ui_leftbackground.obj
c:\users\tjsgh\desktop\team_real_final\client\default\x64\debug\ui_nextlinehint.obj
c:\users\tjsgh\desktop\team_real_final\client\default\x64\debug\water.obj
c:\users\tjsgh\desktop\team_real_final\client\default\x64\debug\attack_lbutton_2.obj
c:\users\tjsgh\desktop\team_real_final\client\default\x64\debug\clawcommon_chargestart.obj
c:\users\tjsgh\desktop\team_real_final\client\default\x64\debug\ladder_climb_l_up.obj
c:\users\tjsgh\desktop\team_real_final\client\default\x64\debug\normal_evade_br.obj
c:\users\tjsgh\desktop\team_real_final\client\default\x64\debug\playerskillmgr.obj
c:\users\tjsgh\desktop\team_real_final\client\default\x64\debug\rock_on_run_br.obj
c:\users\tjsgh\desktop\team_real_final\client\default\x64\debug\stunnedstart.obj
c:\users\tjsgh\desktop\team_real_final\client\default\x64\debug\camera_logo.obj
c:\users\tjsgh\desktop\team_real_final\client\default\x64\debug\chairlamp.obj
c:\users\tjsgh\desktop\team_real_final\client\default\x64\debug\elevator_door.obj
c:\users\tjsgh\desktop\team_real_final\client\default\x64\debug\normal_scythem.obj
c:\users\tjsgh\desktop\team_real_final\client\default\x64\debug\uigroup_inventory.obj
c:\users\tjsgh\desktop\team_real_final\client\default\x64\debug\ui_buttonbackground.obj
c:\users\tjsgh\desktop\team_real_final\client\default\x64\debug\ui_frame_poison.obj
c:\users\tjsgh\desktop\team_real_final\client\default\x64\debug\ui_lockedicon.obj
c:\users\tjsgh\desktop\team_real_final\client\default\x64\debug\ui_sceneabovebackground.obj
c:\users\tjsgh\desktop\team_real_final\client\default\x64\debug\weapon_dagger.obj
c:\users\tjsgh\desktop\team_real_final\client\default\x64\debug\attack_longclaw_1.obj
c:\users\tjsgh\desktop\team_real_final\client\default\x64\debug\hurtsf.obj
c:\users\tjsgh\desktop\team_real_final\client\default\x64\debug\ladder_climb_start.obj
c:\users\tjsgh\desktop\team_real_final\client\default\x64\debug\normal_evade_l.obj
c:\users\tjsgh\desktop\team_real_final\client\default\x64\debug\player_weapon_cane.obj
c:\users\tjsgh\desktop\team_real_final\client\default\x64\debug\skillcane.obj
c:\users\tjsgh\desktop\team_real_final\client\default\x64\debug\body_varg.obj
c:\users\tjsgh\desktop\team_real_final\client\default\x64\debug\chair.obj
c:\users\tjsgh\desktop\team_real_final\client\default\x64\debug\emissive_groundobject.obj
c:\users\tjsgh\desktop\team_real_final\client\default\x64\debug\normal_villagef0.obj
c:\users\tjsgh\desktop\team_real_final\client\default\x64\debug\uigroup_dialogue.obj
c:\users\tjsgh\desktop\team_real_final\client\default\x64\debug\ui_blackbar.obj
c:\users\tjsgh\desktop\team_real_final\client\default\x64\debug\ui_effect_slotframe.obj
c:\users\tjsgh\desktop\team_real_final\client\default\x64\debug\ui_landingscreen.obj
c:\users\tjsgh\desktop\team_real_final\client\default\x64\debug\ui_plunderslotframe.obj
c:\users\tjsgh\desktop\team_real_final\client\default\x64\debug\vargknife.obj
c:\users\tjsgh\desktop\team_real_final\client\default\x64\debug\attack_lbutton_1.obj
c:\users\tjsgh\desktop\team_real_final\client\default\x64\debug\clawcommon_chargefull.obj
c:\users\tjsgh\desktop\team_real_final\client\default\x64\debug\ladder_climb_l_down_end.obj
c:\users\tjsgh\desktop\team_real_final\client\default\x64\debug\normal_evade_b.obj
c:\users\tjsgh\desktop\team_real_final\client\default\x64\debug\playeridle.obj
c:\users\tjsgh\desktop\team_real_final\client\default\x64\debug\rock_on_run_f.obj
c:\users\tjsgh\desktop\team_real_final\client\default\x64\debug\terrain.obj
c:\users\tjsgh\desktop\team_real_final\client\default\x64\debug\boss_magician2.obj
c:\users\tjsgh\desktop\team_real_final\client\default\x64\debug\doorobject.obj
c:\users\tjsgh\desktop\team_real_final\client\default\x64\debug\environmentobject.obj
c:\users\tjsgh\desktop\team_real_final\client\default\x64\debug\level_loading.obj
c:\users\tjsgh\desktop\team_real_final\client\default\x64\debug\monster_hp_bar_effect.obj
c:\users\tjsgh\desktop\team_real_final\client\default\x64\debug\stand_stack_sword.obj
c:\users\tjsgh\desktop\team_real_final\client\default\x64\debug\ui_attribute_slot_active.obj
c:\users\tjsgh\desktop\team_real_final\client\default\x64\debug\ui_dialogbackground.obj
c:\users\tjsgh\desktop\team_real_final\client\default\x64\debug\ui_hpbar5_track.obj
c:\users\tjsgh\desktop\team_real_final\client\default\x64\debug\ui_mapentryframe.obj
c:\users\tjsgh\desktop\team_real_final\client\default\x64\debug\ui_squareframe_hover.obj
c:\users\tjsgh\desktop\team_real_final\client\default\x64\debug\weapon_urd_sword.obj
c:\users\tjsgh\desktop\team_real_final\client\default\x64\debug\boss_varg_camera.obj
c:\users\tjsgh\desktop\team_real_final\client\default\x64\debug\hurtmfl.obj
c:\users\tjsgh\desktop\team_real_final\client\default\x64\debug\magician_lv1_catched.obj
c:\users\tjsgh\desktop\team_real_final\client\default\x64\debug\parry_l.obj
c:\users\tjsgh\desktop\team_real_final\client\default\x64\debug\rock_on_run_b.obj
c:\users\tjsgh\desktop\team_real_final\client\default\x64\debug\state.obj
c:\users\tjsgh\desktop\team_real_final\client\default\x64\debug\body_villagem1.obj
c:\users\tjsgh\desktop\team_real_final\client\default\x64\debug\decorative_mutation.obj
c:\users\tjsgh\desktop\team_real_final\client\default\x64\debug\elite_grace.obj
c:\users\tjsgh\desktop\team_real_final\client\default\x64\debug\level_seaoftrees.obj
c:\users\tjsgh\desktop\team_real_final\client\default\x64\debug\staticobject.obj
c:\users\tjsgh\desktop\team_real_final\client\default\x64\debug\ui_basetalentindicator.obj
c:\users\tjsgh\desktop\team_real_final\client\default\x64\debug\ui_effect_frame.obj
c:\users\tjsgh\desktop\team_real_final\client\default\x64\debug\ui_item_icon.obj
c:\users\tjsgh\desktop\team_real_final\client\default\x64\debug\ui_newhint.obj
c:\users\tjsgh\desktop\team_real_final\client\default\x64\debug\ui_titlebackgroundbar.obj
c:\users\tjsgh\desktop\team_real_final\client\default\x64\debug\archivesitloop.obj
c:\users\tjsgh\desktop\team_real_final\client\default\x64\debug\camera_debug.obj
c:\users\tjsgh\desktop\team_real_final\client\default\x64\debug\hurtmfr.obj
c:\users\tjsgh\desktop\team_real_final\client\default\x64\debug\magician_lv2_catched.obj
c:\users\tjsgh\desktop\team_real_final\client\default\x64\debug\parry_r.obj
c:\users\tjsgh\desktop\team_real_final\client\default\x64\debug\rock_on_run_bl.obj
c:\users\tjsgh\desktop\team_real_final\client\default\x64\debug\statemgr.obj
c:\users\tjsgh\desktop\team_real_final\client\default\x64\debug\boss_varg.obj
c:\users\tjsgh\desktop\team_real_final\client\default\x64\debug\decorative_spike.obj
c:\users\tjsgh\desktop\team_real_final\client\default\x64\debug\elite_joker.obj
c:\users\tjsgh\desktop\team_real_final\client\default\x64\debug\level_logo.obj
c:\users\tjsgh\desktop\team_real_final\client\default\x64\debug\monster_hp_gage.obj
c:\users\tjsgh\desktop\team_real_final\client\default\x64\debug\state_machine.obj
c:\users\tjsgh\desktop\team_real_final\client\default\x64\debug\uigroup_skill.obj
c:\users\tjsgh\desktop\team_real_final\client\default\x64\debug\ui_dialoguewindowbackground.obj
c:\users\tjsgh\desktop\team_real_final\client\default\x64\debug\ui_itembackground.obj
c:\users\tjsgh\desktop\team_real_final\client\default\x64\debug\ui_memoryshardsicon.obj
c:\users\tjsgh\desktop\team_real_final\client\default\x64\debug\ui_textbox.obj
c:\users\tjsgh\desktop\team_real_final\client\default\x64\debug\archivegetup.obj
c:\users\tjsgh\desktop\team_real_final\client\default\x64\debug\boss_mutation_magician_camera.obj
c:\users\tjsgh\desktop\team_real_final\client\default\x64\debug\hurtknockback.obj
c:\users\tjsgh\desktop\team_real_final\client\default\x64\debug\lockon_evade_l.obj
c:\users\tjsgh\desktop\team_real_final\client\default\x64\debug\parrydeflect_rup.obj
c:\users\tjsgh\desktop\team_real_final\client\default\x64\debug\rightweapon.obj
c:\users\tjsgh\desktop\team_real_final\client\default\x64\debug\stunnedend.obj
c:\users\tjsgh\desktop\team_real_final\client\default\x64\debug\boss_magician.obj
c:\users\tjsgh\desktop\team_real_final\client\default\x64\debug\destructobject.obj
c:\users\tjsgh\desktop\team_real_final\client\default\x64\debug\harmorlv2.obj
c:\users\tjsgh\desktop\team_real_final\client\default\x64\debug\loader_static_logo.obj
c:\users\tjsgh\desktop\team_real_final\client\default\x64\debug\projectile_fireball.obj
c:\users\tjsgh\desktop\team_real_final\client\default\x64\debug\uigroup_playerscreen.obj
c:\users\tjsgh\desktop\team_real_final\client\default\x64\debug\ui_decorationframe.obj
c:\users\tjsgh\desktop\team_real_final\client\default\x64\debug\ui_hpbar2_bg.obj
c:\users\tjsgh\desktop\team_real_final\client\default\x64\debug\ui_mpbar2_bg.obj
c:\users\tjsgh\desktop\team_real_final\client\default\x64\debug\ui_skillicon.obj
c:\users\tjsgh\desktop\team_real_final\client\default\x64\debug\weapon_magician_sword.obj
c:\users\tjsgh\desktop\team_real_final\client\default\x64\debug\boss_bat_camera.obj
c:\users\tjsgh\desktop\team_real_final\client\default\x64\debug\hurt_falldown.obj
c:\users\tjsgh\desktop\team_real_final\client\default\x64\debug\lockon_evade_b.obj
c:\users\tjsgh\desktop\team_real_final\client\default\x64\debug\parrydeflect_l.obj
c:\users\tjsgh\desktop\team_real_final\client\default\x64\debug\player_weapon_greadsword.obj
c:\users\tjsgh\desktop\team_real_final\client\default\x64\debug\skillhalberd.obj
c:\users\tjsgh\desktop\team_real_final\client\default\x64\debug\button.obj
c:\users\tjsgh\desktop\team_real_final\client\default\x64\debug\decorative_hat.obj
c:\users\tjsgh\desktop\team_real_final\client\default\x64\debug\effect_sword.obj
c:\users\tjsgh\desktop\team_real_final\client\default\x64\debug\ladderobject.obj
c:\users\tjsgh\desktop\team_real_final\client\default\x64\debug\locked_on.obj
c:\users\tjsgh\desktop\team_real_final\client\default\x64\debug\projectile_intro_card.obj
c:\users\tjsgh\desktop\team_real_final\client\default\x64\debug\uigroup_playertalent.obj
c:\users\tjsgh\desktop\team_real_final\client\default\x64\debug\ui_dialoguetalkbackground.obj
c:\users\tjsgh\desktop\team_real_final\client\default\x64\debug\ui_indicator_selected.obj
c:\users\tjsgh\desktop\team_real_final\client\default\x64\debug\ui_mediaframe.obj
c:\users\tjsgh\desktop\team_real_final\client\default\x64\debug\ui_talent_icon.obj
c:\users\tjsgh\desktop\team_real_final\client\default\x64\debug\archivesitlight_up.obj
c:\users\tjsgh\desktop\team_real_final\client\default\x64\debug\camera_free.obj
c:\users\tjsgh\desktop\team_real_final\client\default\x64\debug\ladder_climb_l_down.obj
c:\users\tjsgh\desktop\team_real_final\client\default\x64\debug\mainapp.obj
c:\users\tjsgh\desktop\team_real_final\client\default\x64\debug\playercamera.obj
c:\users\tjsgh\desktop\team_real_final\client\default\x64\debug\rock_on_run_fr.obj
c:\users\tjsgh\desktop\team_real_final\client\default\x64\debug\varg_catched.obj
c:\users\tjsgh\desktop\team_real_final\client\default\x64\debug\body_villagef1.obj
c:\users\tjsgh\desktop\team_real_final\client\default\x64\debug\decorative_researcher.obj
c:\users\tjsgh\desktop\team_real_final\client\default\x64\debug\elite_punch_man.obj
c:\users\tjsgh\desktop\team_real_final\client\default\x64\debug\level_tutorial.obj
c:\users\tjsgh\desktop\team_real_final\client\default\x64\debug\object.obj
c:\users\tjsgh\desktop\team_real_final\client\default\x64\debug\uigroup_mapchange.obj
c:\users\tjsgh\desktop\team_real_final\client\default\x64\debug\ui_boss_hp_bar_gage.obj
c:\users\tjsgh\desktop\team_real_final\client\default\x64\debug\ui_endingscene.obj
c:\users\tjsgh\desktop\team_real_final\client\default\x64\debug\ui_levelimage.obj
c:\users\tjsgh\desktop\team_real_final\client\default\x64\debug\ui_potion_defaulttype.obj
c:\users\tjsgh\desktop\team_real_final\client\default\x64\debug\attack_lbutton_4.obj
c:\users\tjsgh\desktop\team_real_final\client\default\x64\debug\clawweapon.obj
c:\users\tjsgh\desktop\team_real_final\client\default\x64\debug\ladder_climb_r_up_reverse_end.obj
c:\users\tjsgh\desktop\team_real_final\client\default\x64\debug\normal_evade_fl.obj
c:\users\tjsgh\desktop\team_real_final\client\default\x64\debug\playersprint.obj
c:\users\tjsgh\desktop\team_real_final\client\default\x64\debug\rock_on_run_r.obj
c:\users\tjsgh\desktop\team_real_final\client\default\x64\debug\weapon_scythe.obj
c:\users\tjsgh\desktop\team_real_final\client\default\x64\debug\body_scythem.obj
c:\users\tjsgh\desktop\team_real_final\client\default\x64\debug\decorative_mutation2.obj
c:\users\tjsgh\desktop\team_real_final\client\default\x64\debug\gameitem.obj
c:\users\tjsgh\desktop\team_real_final\client\default\x64\debug\loader_ocean.obj
c:\users\tjsgh\desktop\team_real_final\client\default\x64\debug\normal_villagem0.obj
c:\users\tjsgh\desktop\team_real_final\client\default\x64\debug\triggerobject.obj
c:\users\tjsgh\desktop\team_real_final\client\default\x64\debug\ui_bar_poison.obj
c:\users\tjsgh\desktop\team_real_final\client\default\x64\debug\ui_diamondicon.obj
c:\users\tjsgh\desktop\team_real_final\client\default\x64\debug\ui_keybox_long.obj
c:\users\tjsgh\desktop\team_real_final\client\default\x64\debug\ui_mousecursor.obj
c:\users\tjsgh\desktop\team_real_final\client\default\x64\debug\ui_underline.obj
c:\users\tjsgh\desktop\team_real_final\client\default\x64\debug\archivesitstart.obj
c:\users\tjsgh\desktop\team_real_final\client\default\x64\debug\clawcommon_chargeloop.obj
c:\users\tjsgh\desktop\team_real_final\client\default\x64\debug\ladder_climb_r_down.obj
c:\users\tjsgh\desktop\team_real_final\client\default\x64\debug\normal_evade_bl.obj
c:\users\tjsgh\desktop\team_real_final\client\default\x64\debug\playerskillstate.obj
c:\users\tjsgh\desktop\team_real_final\client\default\x64\debug\rock_on_run_fl.obj
c:\users\tjsgh\desktop\team_real_final\client\default\x64\debug\stunnedloop.obj
c:\users\tjsgh\desktop\team_real_final\client\default\x64\debug\deadbranch.obj
c:\users\tjsgh\desktop\team_real_final\client\default\x64\debug\emissive_staticobject.obj
c:\users\tjsgh\desktop\team_real_final\client\default\x64\debug\lamp.obj
c:\users\tjsgh\desktop\team_real_final\client\default\x64\debug\monster_hp_bar.obj
c:\users\tjsgh\desktop\team_real_final\client\default\x64\debug\specificobject.obj
c:\users\tjsgh\desktop\team_real_final\client\default\x64\debug\ui_arrow_long.obj
c:\users\tjsgh\desktop\team_real_final\client\default\x64\debug\ui_decorationline.obj
c:\users\tjsgh\desktop\team_real_final\client\default\x64\debug\ui_hpbar3_mainbar.obj
c:\users\tjsgh\desktop\team_real_final\client\default\x64\debug\ui_mpbar3_mainbar.obj
c:\users\tjsgh\desktop\team_real_final\client\default\x64\debug\ui_skill_slot.obj
c:\users\tjsgh\desktop\team_real_final\client\default\x64\debug\weapon_monster_scythe.obj
c:\users\tjsgh\desktop\team_real_final\client\default\x64\debug\boss_magician_camera.obj
c:\users\tjsgh\desktop\team_real_final\client\default\x64\debug\hurt_falldown_end.obj
c:\users\tjsgh\desktop\team_real_final\client\default\x64\debug\lockon_evade_f.obj
c:\users\tjsgh\desktop\team_real_final\client\default\x64\debug\parrydeflect_large.obj
c:\users\tjsgh\desktop\team_real_final\client\default\x64\debug\researcher_cathced.obj
c:\users\tjsgh\desktop\team_real_final\client\default\x64\debug\sky.obj
c:\users\tjsgh\desktop\team_real_final\client\default\x64\debug\body_villagef0.obj
c:\users\tjsgh\desktop\team_real_final\client\default\x64\debug\circus_balloon.obj
c:\users\tjsgh\desktop\team_real_final\client\default\x64\debug\elite_researcher.obj
c:\users\tjsgh\desktop\team_real_final\client\default\x64\debug\loader_royalgarden.obj
c:\users\tjsgh\desktop\team_real_final\client\default\x64\debug\uigroup_gameintro.obj
c:\users\tjsgh\desktop\team_real_final\client\default\x64\debug\ui_boss_hp_bar.obj
c:\users\tjsgh\desktop\team_real_final\client\default\x64\debug\ui_feather_icon.obj
c:\users\tjsgh\desktop\team_real_final\client\default\x64\debug\ui_loadingscreen.obj
c:\users\tjsgh\desktop\team_real_final\client\default\x64\debug\ui_questbackground.obj
c:\users\tjsgh\desktop\team_real_final\client\default\x64\debug\weapon_book.obj
c:\users\tjsgh\desktop\team_real_final\client\default\x64\debug\attack_lbutton_3.obj
c:\users\tjsgh\desktop\team_real_final\client\default\x64\debug\harmorlv1_execution.obj
c:\users\tjsgh\desktop\team_real_final\client\default\x64\debug\ladder_climb_r_up.obj
c:\users\tjsgh\desktop\team_real_final\client\default\x64\debug\normal_evade_f.obj
c:\users\tjsgh\desktop\team_real_final\client\default\x64\debug\playerrun.obj
c:\users\tjsgh\desktop\team_real_final\client\default\x64\debug\rock_on_run_l.obj
c:\users\tjsgh\desktop\team_real_final\client\default\x64\debug\weapon_halberd.obj
c:\users\tjsgh\desktop\team_real_final\client\default\x64\debug\boss_urd.obj
c:\users\tjsgh\desktop\team_real_final\client\default\x64\debug\effect_particle.obj
c:\users\tjsgh\desktop\team_real_final\client\default\x64\debug\joker_weapon.obj
c:\users\tjsgh\desktop\team_real_final\client\default\x64\debug\loader_tutorial.obj
c:\users\tjsgh\desktop\team_real_final\client\default\x64\debug\projectile_dagger.obj
c:\users\tjsgh\desktop\team_real_final\client\default\x64\debug\uigroup_playermenu.obj
c:\users\tjsgh\desktop\team_real_final\client\default\x64\debug\ui_contentbackground.obj
c:\users\tjsgh\desktop\team_real_final\client\default\x64\debug\ui_hpbar1_border.obj
c:\users\tjsgh\desktop\team_real_final\client\default\x64\debug\ui_mpbar1_border.obj
c:\users\tjsgh\desktop\team_real_final\client\default\x64\debug\ui_sceneunderbackground.obj
c:\users\tjsgh\desktop\team_real_final\client\default\x64\debug\weapon_magician2_sword.obj
c:\users\tjsgh\desktop\team_real_final\client\default\x64\debug\body_player.obj
c:\users\tjsgh\desktop\team_real_final\client\default\x64\debug\hurtxxlf.obj
c:\users\tjsgh\desktop\team_real_final\client\default\x64\debug\loader.obj
c:\users\tjsgh\desktop\team_real_final\client\default\x64\debug\parrydeflect_lup.obj
c:\users\tjsgh\desktop\team_real_final\client\default\x64\debug\player_weapon_javelinsword.obj
c:\users\tjsgh\desktop\team_real_final\client\default\x64\debug\skilljavelinsword.obj
c:\users\tjsgh\desktop\team_real_final\client\default\x64\debug\aisemy.obj
c:\users\tjsgh\desktop\team_real_final\client\default\x64\debug\body_grace.obj
c:\users\tjsgh\desktop\team_real_final\client\bin\shader_effect.cso
c:\users\tjsgh\desktop\team_real_final\client\bin\shader_effect_instancing.cso
c:\users\tjsgh\desktop\team_real_final\client\bin\shader_effect_sword.cso
c:\users\tjsgh\desktop\team_real_final\client\bin\shader_fog.cso
c:\users\tjsgh\desktop\team_real_final\client\bin\shader_vtxanimmesh.cso
c:\users\tjsgh\desktop\team_real_final\client\bin\shader_vtxanimmeshnodefferd.cso
c:\users\tjsgh\desktop\team_real_final\client\bin\shader_vtxdestructmesh.cso
c:\users\tjsgh\desktop\team_real_final\client\bin\shader_vtxfadetex.cso
c:\users\tjsgh\desktop\team_real_final\client\bin\shader_vtxinstancemesh.cso
c:\users\tjsgh\desktop\team_real_final\client\bin\shader_vtxitemtex.cso
c:\users\tjsgh\desktop\team_real_final\client\bin\shader_vtxmeshnodefferd.cso
c:\users\tjsgh\desktop\team_real_final\client\bin\shader_vtxcube.cso
c:\users\tjsgh\desktop\team_real_final\client\bin\shader_vtxmesh.cso
c:\users\tjsgh\desktop\team_real_final\client\bin\shader_vtxnortex.cso
c:\users\tjsgh\desktop\team_real_final\client\bin\shader_vtxpointinstance.cso
c:\users\tjsgh\desktop\team_real_final\client\bin\shader_vtxpointinstance_compute.cso
c:\users\tjsgh\desktop\team_real_final\client\bin\shader_vtxpostex.cso
c:\users\tjsgh\desktop\team_real_final\client\bin\shader_vtxpostexage.cso
c:\users\tjsgh\desktop\team_real_final\client\bin\shader_vtxpostexinstance.cso
c:\users\tjsgh\desktop\team_real_final\client\bin\shader_vtxpostex_ui.cso
c:\users\tjsgh\desktop\team_real_final\client\bin\shader_water.cso
c:\users\tjsgh\desktop\team_real_final\client\bin\client.exe
c:\users\tjsgh\desktop\team_real_final\client\bin\client.pdb
c:\users\tjsgh\desktop\team_real_final\client\default\x64\debug\client.res
c:\users\tjsgh\desktop\team_real_final\client\default\x64\debug\client.ilk
c:\users\tjsgh\desktop\team_real_final\client\default\x64\debug\background.obj
c:\users\tjsgh\desktop\team_real_final\client\default\x64\debug\barrierscreen.obj
c:\users\tjsgh\desktop\team_real_final\client\default\x64\debug\bat_spike.obj
c:\users\tjsgh\desktop\team_real_final\client\default\x64\debug\billboardobject.obj
c:\users\tjsgh\desktop\team_real_final\client\default\x64\debug\blackscreen.obj
c:\users\tjsgh\desktop\team_real_final\client\default\x64\debug\body_aisemy.obj
c:\users\tjsgh\desktop\team_real_final\client\default\x64\debug\body_bat.obj
c:\users\tjsgh\desktop\team_real_final\client\default\x64\debug\body_harmorlv2.obj
c:\users\tjsgh\desktop\team_real_final\client\default\x64\debug\body_joker.obj
c:\users\tjsgh\desktop\team_real_final\client\default\x64\debug\body_magician.obj
c:\users\tjsgh\desktop\team_real_final\client\default\x64\debug\body_magician2.obj
c:\users\tjsgh\desktop\team_real_final\client\default\x64\debug\body_researcher.obj
c:\users\tjsgh\desktop\team_real_final\client\default\x64\debug\client.tlog\cl.command.1.tlog
c:\users\tjsgh\desktop\team_real_final\client\default\x64\debug\client.tlog\cl.items.tlog
c:\users\tjsgh\desktop\team_real_final\client\default\x64\debug\client.tlog\cl.read.1.tlog
c:\users\tjsgh\desktop\team_real_final\client\default\x64\debug\client.tlog\cl.write.1.tlog
c:\users\tjsgh\desktop\team_real_final\client\default\x64\debug\client.tlog\fxc.command.1.tlog
c:\users\tjsgh\desktop\team_real_final\client\default\x64\debug\client.tlog\fxc.read.1.tlog
c:\users\tjsgh\desktop\team_real_final\client\default\x64\debug\client.tlog\fxc.write.1.tlog
c:\users\tjsgh\desktop\team_real_final\client\default\x64\debug\client.tlog\link.command.1.tlog
c:\users\tjsgh\desktop\team_real_final\client\default\x64\debug\client.tlog\link.read.1.tlog
c:\users\tjsgh\desktop\team_real_final\client\default\x64\debug\client.tlog\link.secondary.1.tlog
c:\users\tjsgh\desktop\team_real_final\client\default\x64\debug\client.tlog\link.write.1.tlog
c:\users\tjsgh\desktop\team_real_final\client\default\x64\debug\client.tlog\rc.command.1.tlog
c:\users\tjsgh\desktop\team_real_final\client\default\x64\debug\client.tlog\rc.read.1.tlog
c:\users\tjsgh\desktop\team_real_final\client\default\x64\debug\client.tlog\rc.write.1.tlog
