c:\users\tjsgh\desktop\team_real_final\engine\default\x64\debug\animation.obj
c:\users\tjsgh\desktop\team_real_final\engine\default\x64\debug\item.obj
c:\users\tjsgh\desktop\team_real_final\engine\default\x64\debug\projectile_manager.obj
c:\users\tjsgh\desktop\team_real_final\engine\default\x64\debug\ui_button.obj
c:\users\tjsgh\desktop\team_real_final\engine\default\x64\debug\vibuffer_rect_instancing.obj
c:\users\tjsgh\desktop\team_real_final\engine\default\x64\debug\channel.obj
c:\users\tjsgh\desktop\team_real_final\engine\default\x64\debug\input_device.obj
c:\users\tjsgh\desktop\team_real_final\engine\default\x64\debug\monster.obj
c:\users\tjsgh\desktop\team_real_final\engine\default\x64\debug\shader_compute_deferred.obj
c:\users\tjsgh\desktop\team_real_final\engine\default\x64\debug\ui_text.obj
c:\users\tjsgh\desktop\team_real_final\engine\default\x64\debug\containerobject.obj
c:\users\tjsgh\desktop\team_real_final\engine\default\x64\debug\light_dynamic.obj
c:\users\tjsgh\desktop\team_real_final\engine\default\x64\debug\pipeline.obj
c:\users\tjsgh\desktop\team_real_final\engine\default\x64\debug\shadow.obj
c:\users\tjsgh\desktop\team_real_final\engine\default\x64\debug\vibuffer_particle_instancing.obj
c:\users\tjsgh\desktop\team_real_final\engine\default\x64\debug\bone.obj
c:\users\tjsgh\desktop\team_real_final\engine\default\x64\debug\light_manager.obj
c:\users\tjsgh\desktop\team_real_final\engine\default\x64\debug\partobject.obj
c:\users\tjsgh\desktop\team_real_final\engine\default\x64\debug\swordtrail_buffer.obj
c:\users\tjsgh\desktop\team_real_final\engine\default\x64\debug\vibuffer_cell.obj
c:\users\tjsgh\desktop\team_real_final\engine\default\x64\debug\bounding_sphere.obj
c:\users\tjsgh\desktop\team_real_final\engine\default\x64\debug\event.obj
c:\users\tjsgh\desktop\team_real_final\engine\default\x64\debug\mesh.obj
c:\users\tjsgh\desktop\team_real_final\engine\default\x64\debug\projectile.obj
c:\users\tjsgh\desktop\team_real_final\engine\default\x64\debug\ui_manager.obj
c:\users\tjsgh\desktop\team_real_final\engine\default\x64\debug\bounding_aabb.obj
c:\users\tjsgh\desktop\team_real_final\engine\default\x64\debug\eventmgr.obj
c:\users\tjsgh\desktop\team_real_final\engine\default\x64\debug\light.obj
c:\users\tjsgh\desktop\team_real_final\engine\default\x64\debug\object_manager.obj
c:\users\tjsgh\desktop\team_real_final\engine\default\x64\debug\soundmgr.obj
c:\users\tjsgh\desktop\team_real_final\engine\default\x64\debug\vibuffer_cube.obj
c:\users\tjsgh\desktop\team_real_final\engine\default\x64\debug\camera.obj
c:\users\tjsgh\desktop\team_real_final\engine\default\x64\debug\layer.obj
c:\users\tjsgh\desktop\team_real_final\engine\default\x64\debug\ripplemanager.obj
c:\users\tjsgh\desktop\team_real_final\engine\default\x64\debug\timer_manager.obj
c:\users\tjsgh\desktop\team_real_final\engine\default\x64\debug\vibuffer_edge_cell.obj
c:\users\tjsgh\desktop\team_real_final\engine\default\x64\debug\base.obj
c:\users\tjsgh\desktop\team_real_final\engine\default\x64\debug\gameinstance.obj
c:\users\tjsgh\desktop\team_real_final\engine\default\x64\debug\shader.obj
c:\users\tjsgh\desktop\team_real_final\engine\default\x64\debug\uiobject.obj
c:\users\tjsgh\desktop\team_real_final\engine\default\x64\debug\vibuffer_terrain.obj
c:\users\tjsgh\desktop\team_real_final\engine\default\x64\debug\bounding.obj
c:\users\tjsgh\desktop\team_real_final\engine\default\x64\debug\effectmgr.obj
c:\users\tjsgh\desktop\team_real_final\engine\default\x64\debug\model.obj
c:\users\tjsgh\desktop\team_real_final\engine\default\x64\debug\shader_compute.obj
c:\users\tjsgh\desktop\team_real_final\engine\default\x64\debug\ui_scene.obj
c:\users\tjsgh\desktop\team_real_final\engine\default\x64\debug\engine_struct.obj
c:\users\tjsgh\desktop\team_real_final\engine\default\x64\debug\cell.obj
c:\users\tjsgh\desktop\team_real_final\engine\default\x64\debug\graphic_device.obj
c:\users\tjsgh\desktop\team_real_final\engine\default\x64\debug\monster_manager.obj
c:\users\tjsgh\desktop\team_real_final\engine\default\x64\debug\timer.obj
c:\users\tjsgh\desktop\team_real_final\engine\default\x64\debug\vibuffer.obj
c:\users\tjsgh\desktop\team_real_final\engine\default\x64\debug\customfont.obj
c:\users\tjsgh\desktop\team_real_final\engine\default\x64\debug\frustum.obj
c:\users\tjsgh\desktop\team_real_final\engine\default\x64\debug\physx_manager.obj
c:\users\tjsgh\desktop\team_real_final\engine\default\x64\debug\transform.obj
c:\users\tjsgh\desktop\team_real_final\engine\default\x64\debug\vibuffer_point_instancing.obj
c:\users\tjsgh\desktop\team_real_final\engine\default\x64\debug\debugdraw.obj
c:\users\tjsgh\desktop\team_real_final\engine\default\x64\debug\gameobject.obj
c:\users\tjsgh\desktop\team_real_final\engine\default\x64\debug\physx_simulationeventcallback.obj
c:\users\tjsgh\desktop\team_real_final\engine\default\x64\debug\triggermanager.obj
c:\users\tjsgh\desktop\team_real_final\engine\default\x64\debug\vibuffer_rect.obj
c:\users\tjsgh\desktop\team_real_final\engine\default\x64\debug\collisionmgr.obj
c:\users\tjsgh\desktop\team_real_final\engine\default\x64\debug\effect.obj
c:\users\tjsgh\desktop\team_real_final\engine\default\x64\debug\material.obj
c:\users\tjsgh\desktop\team_real_final\engine\default\x64\debug\prototype_manager.obj
c:\users\tjsgh\desktop\team_real_final\engine\default\x64\debug\trigger.obj
c:\users\tjsgh\desktop\team_real_final\engine\default\x64\debug\vibuffer_point_compute.obj
c:\users\tjsgh\desktop\team_real_final\engine\default\x64\debug\bounding_obb.obj
c:\users\tjsgh\desktop\team_real_final\engine\default\x64\debug\font_manager.obj
c:\users\tjsgh\desktop\team_real_final\engine\default\x64\debug\itemmgr.obj
c:\users\tjsgh\desktop\team_real_final\engine\default\x64\debug\navigation.obj
c:\users\tjsgh\desktop\team_real_final\engine\default\x64\debug\texture.obj
c:\users\tjsgh\desktop\team_real_final\engine\default\x64\debug\vibuffer_effect_rect_instancing.obj
c:\users\tjsgh\desktop\team_real_final\engine\default\x64\debug\component.obj
c:\users\tjsgh\desktop\team_real_final\engine\default\x64\debug\level.obj
c:\users\tjsgh\desktop\team_real_final\engine\default\x64\debug\renderer.obj
c:\users\tjsgh\desktop\team_real_final\engine\default\x64\debug\ui_image.obj
c:\users\tjsgh\desktop\team_real_final\engine\default\x64\debug\collider.obj
c:\users\tjsgh\desktop\team_real_final\engine\default\x64\debug\edge_cell.obj
c:\users\tjsgh\desktop\team_real_final\engine\default\x64\debug\level_manager.obj
c:\users\tjsgh\desktop\team_real_final\engine\default\x64\debug\rendertarget.obj
c:\users\tjsgh\desktop\team_real_final\engine\default\x64\debug\target_manager.obj
c:\users\tjsgh\desktop\team_real_final\engine\default\x64\debug\vibuffer_mesh_instancing.obj
c:\users\tjsgh\desktop\team_real_final\engine\default\x64\debug\vc143.pdb
c:\users\tjsgh\desktop\team_real_final\engine\bin\shader_cell.cso
c:\users\tjsgh\desktop\team_real_final\engine\bin\shader_compute.cso
c:\users\tjsgh\desktop\team_real_final\engine\bin\shader_compute_fog.cso
c:\users\tjsgh\desktop\team_real_final\engine\bin\shader_compute_sample.cso
c:\users\tjsgh\desktop\team_real_final\engine\bin\shader_deferred.cso
c:\users\tjsgh\desktop\team_real_final\engine\bin\shader_shadow.cso
c:\users\tjsgh\desktop\team_real_final\engine\bin\engine.dll
c:\users\tjsgh\desktop\team_real_final\engine\bin\engine.pdb
c:\users\tjsgh\desktop\team_real_final\engine\bin\engine.lib
c:\users\tjsgh\desktop\team_real_final\engine\bin\engine.exp
c:\users\tjsgh\desktop\team_real_final\engine\default\x64\debug\engine.ilk
c:\users\tjsgh\desktop\really_fianl\engine\default\x64\debug\animation.obj
c:\users\tjsgh\desktop\really_fianl\engine\default\x64\debug\base.obj
c:\users\tjsgh\desktop\really_fianl\engine\default\x64\debug\bone.obj
c:\users\tjsgh\desktop\really_fianl\engine\default\x64\debug\bounding.obj
c:\users\tjsgh\desktop\really_fianl\engine\default\x64\debug\bounding_aabb.obj
c:\users\tjsgh\desktop\really_fianl\engine\default\x64\debug\bounding_obb.obj
c:\users\tjsgh\desktop\really_fianl\engine\default\x64\debug\bounding_sphere.obj
c:\users\tjsgh\desktop\really_fianl\engine\default\x64\debug\camera.obj
c:\users\tjsgh\desktop\really_fianl\engine\default\x64\debug\cell.obj
c:\users\tjsgh\desktop\really_fianl\engine\default\x64\debug\channel.obj
c:\users\tjsgh\desktop\really_fianl\engine\default\x64\debug\collider.obj
c:\users\tjsgh\desktop\really_fianl\engine\default\x64\debug\collisionmgr.obj
c:\users\tjsgh\desktop\really_fianl\engine\default\x64\debug\component.obj
c:\users\tjsgh\desktop\really_fianl\engine\default\x64\debug\containerobject.obj
c:\users\tjsgh\desktop\really_fianl\engine\default\x64\debug\customfont.obj
c:\users\tjsgh\desktop\really_fianl\engine\default\x64\debug\debugdraw.obj
c:\users\tjsgh\desktop\really_fianl\engine\default\x64\debug\edge_cell.obj
c:\users\tjsgh\desktop\really_fianl\engine\default\x64\debug\effect.obj
c:\users\tjsgh\desktop\really_fianl\engine\default\x64\debug\effectmgr.obj
c:\users\tjsgh\desktop\really_fianl\engine\default\x64\debug\engine_struct.obj
c:\users\tjsgh\desktop\really_fianl\engine\default\x64\debug\event.obj
c:\users\tjsgh\desktop\really_fianl\engine\default\x64\debug\eventmgr.obj
c:\users\tjsgh\desktop\really_fianl\engine\default\x64\debug\font_manager.obj
c:\users\tjsgh\desktop\really_fianl\engine\default\x64\debug\frustum.obj
c:\users\tjsgh\desktop\really_fianl\engine\default\x64\debug\gameinstance.obj
c:\users\tjsgh\desktop\really_fianl\engine\default\x64\debug\gameobject.obj
c:\users\tjsgh\desktop\really_fianl\engine\default\x64\debug\graphic_device.obj
c:\users\tjsgh\desktop\really_fianl\engine\default\x64\debug\input_device.obj
c:\users\tjsgh\desktop\really_fianl\engine\default\x64\debug\item.obj
c:\users\tjsgh\desktop\really_fianl\engine\default\x64\debug\itemmgr.obj
c:\users\tjsgh\desktop\really_fianl\engine\default\x64\debug\layer.obj
c:\users\tjsgh\desktop\really_fianl\engine\default\x64\debug\level.obj
c:\users\tjsgh\desktop\really_fianl\engine\default\x64\debug\level_manager.obj
c:\users\tjsgh\desktop\really_fianl\engine\default\x64\debug\light.obj
c:\users\tjsgh\desktop\really_fianl\engine\default\x64\debug\light_dynamic.obj
c:\users\tjsgh\desktop\really_fianl\engine\default\x64\debug\light_manager.obj
c:\users\tjsgh\desktop\really_fianl\engine\default\x64\debug\material.obj
c:\users\tjsgh\desktop\really_fianl\engine\default\x64\debug\mesh.obj
c:\users\tjsgh\desktop\really_fianl\engine\default\x64\debug\model.obj
c:\users\tjsgh\desktop\really_fianl\engine\default\x64\debug\monster.obj
c:\users\tjsgh\desktop\really_fianl\engine\default\x64\debug\monster_manager.obj
c:\users\tjsgh\desktop\really_fianl\engine\default\x64\debug\navigation.obj
c:\users\tjsgh\desktop\really_fianl\engine\default\x64\debug\object_manager.obj
c:\users\tjsgh\desktop\really_fianl\engine\default\x64\debug\partobject.obj
c:\users\tjsgh\desktop\really_fianl\engine\default\x64\debug\physx_manager.obj
c:\users\tjsgh\desktop\really_fianl\engine\default\x64\debug\physx_simulationeventcallback.obj
c:\users\tjsgh\desktop\really_fianl\engine\default\x64\debug\pipeline.obj
c:\users\tjsgh\desktop\really_fianl\engine\default\x64\debug\projectile.obj
c:\users\tjsgh\desktop\really_fianl\engine\default\x64\debug\projectile_manager.obj
c:\users\tjsgh\desktop\really_fianl\engine\default\x64\debug\prototype_manager.obj
c:\users\tjsgh\desktop\really_fianl\engine\default\x64\debug\renderer.obj
c:\users\tjsgh\desktop\really_fianl\engine\default\x64\debug\rendertarget.obj
c:\users\tjsgh\desktop\really_fianl\engine\default\x64\debug\ripplemanager.obj
c:\users\tjsgh\desktop\really_fianl\engine\default\x64\debug\shader.obj
c:\users\tjsgh\desktop\really_fianl\engine\default\x64\debug\shader_compute.obj
c:\users\tjsgh\desktop\really_fianl\engine\default\x64\debug\shader_compute_deferred.obj
c:\users\tjsgh\desktop\really_fianl\engine\default\x64\debug\shadow.obj
c:\users\tjsgh\desktop\really_fianl\engine\default\x64\debug\soundmgr.obj
c:\users\tjsgh\desktop\really_fianl\engine\default\x64\debug\swordtrail_buffer.obj
c:\users\tjsgh\desktop\really_fianl\engine\default\x64\debug\target_manager.obj
c:\users\tjsgh\desktop\really_fianl\engine\default\x64\debug\texture.obj
c:\users\tjsgh\desktop\really_fianl\engine\default\x64\debug\timer.obj
c:\users\tjsgh\desktop\really_fianl\engine\default\x64\debug\timer_manager.obj
c:\users\tjsgh\desktop\really_fianl\engine\default\x64\debug\transform.obj
c:\users\tjsgh\desktop\really_fianl\engine\default\x64\debug\trigger.obj
c:\users\tjsgh\desktop\really_fianl\engine\default\x64\debug\triggermanager.obj
c:\users\tjsgh\desktop\really_fianl\engine\default\x64\debug\uiobject.obj
c:\users\tjsgh\desktop\really_fianl\engine\default\x64\debug\ui_button.obj
c:\users\tjsgh\desktop\really_fianl\engine\default\x64\debug\ui_image.obj
c:\users\tjsgh\desktop\really_fianl\engine\default\x64\debug\ui_manager.obj
c:\users\tjsgh\desktop\really_fianl\engine\default\x64\debug\ui_scene.obj
c:\users\tjsgh\desktop\really_fianl\engine\default\x64\debug\ui_text.obj
c:\users\tjsgh\desktop\really_fianl\engine\default\x64\debug\vibuffer.obj
c:\users\tjsgh\desktop\really_fianl\engine\default\x64\debug\vibuffer_cell.obj
c:\users\tjsgh\desktop\really_fianl\engine\default\x64\debug\vibuffer_cube.obj
c:\users\tjsgh\desktop\really_fianl\engine\default\x64\debug\vibuffer_edge_cell.obj
c:\users\tjsgh\desktop\really_fianl\engine\default\x64\debug\vibuffer_effect_rect_instancing.obj
c:\users\tjsgh\desktop\really_fianl\engine\default\x64\debug\vibuffer_mesh_instancing.obj
c:\users\tjsgh\desktop\really_fianl\engine\default\x64\debug\vibuffer_particle_instancing.obj
c:\users\tjsgh\desktop\really_fianl\engine\default\x64\debug\vibuffer_point_compute.obj
c:\users\tjsgh\desktop\really_fianl\engine\default\x64\debug\vibuffer_point_instancing.obj
c:\users\tjsgh\desktop\really_fianl\engine\default\x64\debug\vibuffer_rect.obj
c:\users\tjsgh\desktop\really_fianl\engine\default\x64\debug\vibuffer_rect_instancing.obj
c:\users\tjsgh\desktop\really_fianl\engine\default\x64\debug\vibuffer_terrain.obj
c:\users\tjsgh\desktop\really_fianl\engine\default\x64\debug\engine.ilk
c:\users\tjsgh\desktop\really_fianl\engine\default\x64\debug\vc143.idb
c:\users\tjsgh\desktop\really_fianl\engine\default\x64\debug\vc143.pdb
c:\users\tjsgh\desktop\really_fianl\engine\bin\engine.dll
c:\users\tjsgh\desktop\really_fianl\engine\default\x64\debug\engine.tlog\cl.11556.write.1.tlog
c:\users\tjsgh\desktop\really_fianl\engine\default\x64\debug\engine.tlog\cl.command.1.tlog
c:\users\tjsgh\desktop\really_fianl\engine\default\x64\debug\engine.tlog\cl.items.tlog
c:\users\tjsgh\desktop\really_fianl\engine\default\x64\debug\engine.tlog\cl.read.1.tlog
c:\users\tjsgh\desktop\really_fianl\engine\default\x64\debug\engine.tlog\fxc.command.1.tlog
c:\users\tjsgh\desktop\really_fianl\engine\default\x64\debug\engine.tlog\fxc.read.1.tlog
c:\users\tjsgh\desktop\really_fianl\engine\default\x64\debug\engine.tlog\fxc.write.1.tlog
c:\users\tjsgh\desktop\really_fianl\engine\default\x64\debug\engine.tlog\link.command.1.tlog
c:\users\tjsgh\desktop\really_fianl\engine\default\x64\debug\engine.tlog\link.read.1.tlog
c:\users\tjsgh\desktop\really_fianl\engine\default\x64\debug\engine.tlog\link.secondary.1.tlog
c:\users\tjsgh\desktop\really_fianl\engine\default\x64\debug\engine.tlog\link.write.1.tlog
