  Engine.vcxproj -> D:\really_fianl\Engine\Bin\Engine.dll
  .\Engine\Public\Animation.h
  .\Engine\Public\Base.h
  .\Engine\Public\Bone.h
  .\Engine\Public\Bounding.h
  .\Engine\Public\Bounding_AABB.h
  .\Engine\Public\Bounding_OBB.h
  .\Engine\Public\Bounding_Sphere.h
  .\Engine\Public\Camera.h
  .\Engine\Public\Cell.h
  .\Engine\Public\Channel.h
  .\Engine\Public\Collider.h
  .\Engine\Public\CollisionMgr.h
  .\Engine\Public\Component.h
  .\Engine\Public\Container.h
  .\Engine\Public\ContainerObject.h
  .\Engine\Public\CustomFont.h
  .\Engine\Public\DebugDraw.h
  .\Engine\Public\Edge_Cell.h
  .\Engine\Public\Effect.h
  .\Engine\Public\EffectMgr.h
  .\Engine\Public\Engine_Defines.h
  .\Engine\Public\Engine_Enum.h
  .\Engine\Public\Engine_Function.h
  .\Engine\Public\Engine_Macro.h
  .\Engine\Public\Engine_Struct.cpp
  .\Engine\Public\Engine_Struct.h
  .\Engine\Public\Engine_Typedef.h
  .\Engine\Public\Event.h
  .\Engine\Public\EventMgr.h
  .\Engine\Public\fmod.h
  .\Engine\Public\fmod.hpp
  .\Engine\Public\fmod_codec.h
  .\Engine\Public\fmod_common.h
  .\Engine\Public\fmod_dsp.h
  .\Engine\Public\fmod_dsp_effects.h
  .\Engine\Public\fmod_errors.h
  .\Engine\Public\fmod_memoryinfo.h
  .\Engine\Public\fmod_output.h
  .\Engine\Public\Font_Manager.h
  .\Engine\Public\Frustum.h
  .\Engine\Public\GameInstance.h
  .\Engine\Public\GameObject.h
  .\Engine\Public\Graphic_Device.h
  .\Engine\Public\Input_Device.h
  .\Engine\Public\Item.h
  .\Engine\Public\ItemMgr.h
  .\Engine\Public\Layer.h
  .\Engine\Public\Level.h
  .\Engine\Public\Level_Manager.h
  .\Engine\Public\Light.h
  .\Engine\Public\Light_Dynamic.h
  .\Engine\Public\Light_Manager.h
  .\Engine\Public\Material.h
  .\Engine\Public\Mesh.h
  .\Engine\Public\Model.h
  .\Engine\Public\Monster.h
  .\Engine\Public\Monster_Manager.h
  .\Engine\Public\Navigation.h
  .\Engine\Public\Object_Manager.h
  .\Engine\Public\PartObject.h
  .\Engine\Public\PhysX_Manager.h
  .\Engine\Public\PhysX_SimulationEventCallBack.h
  .\Engine\Public\PipeLine.h
  .\Engine\Public\Projectile.h
  .\Engine\Public\Projectile_Manager.h
  .\Engine\Public\Prototype_Manager.h
  .\Engine\Public\Renderer.h
  .\Engine\Public\RenderTarget.h
  .\Engine\Public\RippleManager.h
  .\Engine\Public\Shader.h
  .\Engine\Public\Shader_Compute.h
  .\Engine\Public\Shader_Compute_Deferred.h
  .\Engine\Public\Shadow.h
  .\Engine\Public\SoundMgr.h
  .\Engine\Public\SwordTrail_Buffer.h
  .\Engine\Public\Target_Manager.h
  .\Engine\Public\Texture.h
  .\Engine\Public\Timer.h
  .\Engine\Public\Timer_Manager.h
  .\Engine\Public\Transform.h
  .\Engine\Public\Trigger.h
  .\Engine\Public\TriggerManager.h
  .\Engine\Public\UIObject.h
  .\Engine\Public\UI_Button.h
  .\Engine\Public\UI_Image.h
  .\Engine\Public\UI_Manager.h
  .\Engine\Public\UI_Scene.h
  .\Engine\Public\UI_Text.h
  .\Engine\Public\VIBuffer.h
  .\Engine\Public\VIBuffer_Cell.h
  .\Engine\Public\VIBuffer_Cube.h
  .\Engine\Public\VIBuffer_Edge_Cell.h
  .\Engine\Public\VIBuffer_Effect_Rect_Instancing.h
  .\Engine\Public\VIBuffer_Mesh_Instancing.h
  .\Engine\Public\VIBuffer_Particle_Instancing.h
  .\Engine\Public\VIBuffer_Point_Compute.h
  .\Engine\Public\VIBuffer_Point_Instancing.h
  .\Engine\Public\VIBuffer_Rect.h
  .\Engine\Public\VIBuffer_Rect_Instancing.h
  .\Engine\Public\VIBuffer_Terrain.h
  .\Engine\Public\assimp\.editorconfig
  .\Engine\Public\assimp\aabb.h
  .\Engine\Public\assimp\ai_assert.h
  .\Engine\Public\assimp\anim.h
  .\Engine\Public\assimp\AssertHandler.h
  .\Engine\Public\assimp\Base64.hpp
  .\Engine\Public\assimp\BaseImporter.h
  .\Engine\Public\assimp\Bitmap.h
  .\Engine\Public\assimp\BlobIOSystem.h
  .\Engine\Public\assimp\ByteSwapper.h
  .\Engine\Public\assimp\camera.h
  .\Engine\Public\assimp\cexport.h
  .\Engine\Public\assimp\cfileio.h
  .\Engine\Public\assimp\cimport.h
  .\Engine\Public\assimp\ColladaMetaData.h
  .\Engine\Public\assimp\color4.h
  .\Engine\Public\assimp\color4.inl
  .\Engine\Public\assimp\commonMetaData.h
  .\Engine\Public\assimp\config.h
  .\Engine\Public\assimp\config.h.in
  .\Engine\Public\assimp\CreateAnimMesh.h
  .\Engine\Public\assimp\DefaultIOStream.h
  .\Engine\Public\assimp\DefaultIOSystem.h
  .\Engine\Public\assimp\DefaultLogger.hpp
  .\Engine\Public\assimp\defs.h
  .\Engine\Public\assimp\Exceptional.h
  .\Engine\Public\assimp\Exporter.hpp
  .\Engine\Public\assimp\fast_atof.h
  .\Engine\Public\assimp\GenericProperty.h
  .\Engine\Public\assimp\GltfMaterial.h
  .\Engine\Public\assimp\Hash.h
  .\Engine\Public\assimp\Importer.hpp
  .\Engine\Public\assimp\importerdesc.h
  .\Engine\Public\assimp\IOStream.hpp
  .\Engine\Public\assimp\IOStreamBuffer.h
  .\Engine\Public\assimp\IOSystem.hpp
  .\Engine\Public\assimp\light.h
  .\Engine\Public\assimp\LineSplitter.h
  .\Engine\Public\assimp\LogAux.h
  .\Engine\Public\assimp\Logger.hpp
  .\Engine\Public\assimp\LogStream.hpp
  .\Engine\Public\assimp\material.h
  .\Engine\Public\assimp\material.inl
  .\Engine\Public\assimp\MathFunctions.h
  .\Engine\Public\assimp\matrix3x3.h
  .\Engine\Public\assimp\matrix3x3.inl
  .\Engine\Public\assimp\matrix4x4.h
  .\Engine\Public\assimp\matrix4x4.inl
  .\Engine\Public\assimp\MemoryIOWrapper.h
  .\Engine\Public\assimp\mesh.h
  .\Engine\Public\assimp\metadata.h
  .\Engine\Public\assimp\module.modulemap
  .\Engine\Public\assimp\NullLogger.hpp
  .\Engine\Public\assimp\ObjMaterial.h
  .\Engine\Public\assimp\ParsingUtils.h
  .\Engine\Public\assimp\pbrmaterial.h
  .\Engine\Public\assimp\postprocess.h
  .\Engine\Public\assimp\Profiler.h
  .\Engine\Public\assimp\ProgressHandler.hpp
  .\Engine\Public\assimp\qnan.h
  .\Engine\Public\assimp\quaternion.h
  .\Engine\Public\assimp\quaternion.inl
  .\Engine\Public\assimp\RemoveComments.h
  .\Engine\Public\assimp\revision.h
  .\Engine\Public\assimp\revision.h.in
  .\Engine\Public\assimp\scene.h
  .\Engine\Public\assimp\SceneCombiner.h
  .\Engine\Public\assimp\SGSpatialSort.h
  .\Engine\Public\assimp\SkeletonMeshBuilder.h
  .\Engine\Public\assimp\SmallVector.h
  .\Engine\Public\assimp\SmoothingGroups.h
  .\Engine\Public\assimp\SmoothingGroups.inl
  .\Engine\Public\assimp\SpatialSort.h
  .\Engine\Public\assimp\StandardShapes.h
  .\Engine\Public\assimp\StreamReader.h
  .\Engine\Public\assimp\StreamWriter.h
  .\Engine\Public\assimp\StringComparison.h
  .\Engine\Public\assimp\StringUtils.h
  .\Engine\Public\assimp\Subdivision.h
  .\Engine\Public\assimp\texture.h
  .\Engine\Public\assimp\TinyFormatter.h
  .\Engine\Public\assimp\types.h
  .\Engine\Public\assimp\vector2.h
  .\Engine\Public\assimp\vector2.inl
  .\Engine\Public\assimp\vector3.h
  .\Engine\Public\assimp\vector3.inl
  .\Engine\Public\assimp\version.h
  .\Engine\Public\assimp\Vertex.h
  .\Engine\Public\assimp\XmlParser.h
  .\Engine\Public\assimp\XMLTools.h
  .\Engine\Public\assimp\ZipArchiveIOSystem.h
  .\Engine\Public\assimp\Compiler\poppack1.h
  .\Engine\Public\assimp\Compiler\pstdint.h
  .\Engine\Public\assimp\Compiler\pushpack1.h
  .\Engine\Public\assimp\port\AndroidJNI\AndroidJNIIOSystem.h
  .\Engine\Public\assimp\port\AndroidJNI\BundledAssetIOSystem.h
  .\Engine\Public\DirectXTex\BC.cpp
  .\Engine\Public\DirectXTex\BC.h
  .\Engine\Public\DirectXTex\BC4BC5.cpp
  .\Engine\Public\DirectXTex\BC6HBC7.cpp
  .\Engine\Public\DirectXTex\BCDirectCompute.cpp
  .\Engine\Public\DirectXTex\BCDirectCompute.h
  .\Engine\Public\DirectXTex\DDS.h
  .\Engine\Public\DirectXTex\DirectXTex.h
  .\Engine\Public\DirectXTex\DirectXTex.inl
  .\Engine\Public\DirectXTex\DirectXTexCompress.cpp
  .\Engine\Public\DirectXTex\DirectXTexCompressGPU.cpp
  .\Engine\Public\DirectXTex\DirectXTexConvert.cpp
  .\Engine\Public\DirectXTex\DirectXTexD3D11.cpp
  .\Engine\Public\DirectXTex\DirectXTexD3D12.cpp
  .\Engine\Public\DirectXTex\DirectXTexDDS.cpp
  .\Engine\Public\DirectXTex\DirectXTexFlipRotate.cpp
  .\Engine\Public\DirectXTex\DirectXTexHDR.cpp
  .\Engine\Public\DirectXTex\DirectXTexImage.cpp
  .\Engine\Public\DirectXTex\DirectXTexMipmaps.cpp
  .\Engine\Public\DirectXTex\DirectXTexMisc.cpp
  .\Engine\Public\DirectXTex\DirectXTexNormalMaps.cpp
  .\Engine\Public\DirectXTex\DirectXTexP.h
  .\Engine\Public\DirectXTex\DirectXTexPMAlpha.cpp
  .\Engine\Public\DirectXTex\DirectXTexResize.cpp
  .\Engine\Public\DirectXTex\DirectXTexTGA.cpp
  .\Engine\Public\DirectXTex\DirectXTexUtil.cpp
  .\Engine\Public\DirectXTex\DirectXTexWIC.cpp
  .\Engine\Public\DirectXTex\filters.h
  .\Engine\Public\DirectXTex\scoped.h
  .\Engine\Public\DirectXTex\Shaders\BC6HEncode.hlsl
  .\Engine\Public\DirectXTex\Shaders\BC7Encode.hlsl
  .\Engine\Public\DirectXTex\Shaders\CompileShaders.cmd
  .\Engine\Public\DirectXTex\Shaders\Compiled\BC6HEncode_EncodeBlockCS.inc
  .\Engine\Public\DirectXTex\Shaders\Compiled\BC6HEncode_EncodeBlockCS_cs40.inc
  .\Engine\Public\DirectXTex\Shaders\Compiled\BC6HEncode_TryModeG10CS.inc
  .\Engine\Public\DirectXTex\Shaders\Compiled\BC6HEncode_TryModeG10CS_cs40.inc
  .\Engine\Public\DirectXTex\Shaders\Compiled\BC6HEncode_TryModeLE10CS.inc
  .\Engine\Public\DirectXTex\Shaders\Compiled\BC6HEncode_TryModeLE10CS_cs40.inc
  .\Engine\Public\DirectXTex\Shaders\Compiled\BC7Encode_EncodeBlockCS.inc
  .\Engine\Public\DirectXTex\Shaders\Compiled\BC7Encode_EncodeBlockCS_cs40.inc
  .\Engine\Public\DirectXTex\Shaders\Compiled\BC7Encode_TryMode02CS.inc
  .\Engine\Public\DirectXTex\Shaders\Compiled\BC7Encode_TryMode02CS_cs40.inc
  .\Engine\Public\DirectXTex\Shaders\Compiled\BC7Encode_TryMode137CS.inc
  .\Engine\Public\DirectXTex\Shaders\Compiled\BC7Encode_TryMode137CS_cs40.inc
  .\Engine\Public\DirectXTex\Shaders\Compiled\BC7Encode_TryMode456CS.inc
  .\Engine\Public\DirectXTex\Shaders\Compiled\BC7Encode_TryMode456CS_cs40.inc
  .\Engine\Public\DirectXTK\Audio.h
  .\Engine\Public\DirectXTK\CommonStates.h
  .\Engine\Public\DirectXTK\DDSTextureLoader.h
  .\Engine\Public\DirectXTK\DirectXHelpers.h
  .\Engine\Public\DirectXTK\Effects.h
  .\Engine\Public\DirectXTK\GamePad.h
  .\Engine\Public\DirectXTK\GeometricPrimitive.h
  .\Engine\Public\DirectXTK\GraphicsMemory.h
  .\Engine\Public\DirectXTK\Keyboard.h
  .\Engine\Public\DirectXTK\Model.h
  .\Engine\Public\DirectXTK\Mouse.h
  .\Engine\Public\DirectXTK\PostProcess.h
  .\Engine\Public\DirectXTK\PrimitiveBatch.h
  .\Engine\Public\DirectXTK\ScreenGrab.h
  .\Engine\Public\DirectXTK\SimpleMath.h
  .\Engine\Public\DirectXTK\SimpleMath.inl
  .\Engine\Public\DirectXTK\SpriteBatch.h
  .\Engine\Public\DirectXTK\SpriteFont.h
  .\Engine\Public\DirectXTK\VertexTypes.h
  .\Engine\Public\DirectXTK\WICTextureLoader.h
  .\Engine\Public\DirectXTK\XboxDDSTextureLoader.h
  .\Engine\Public\Effects11\d3dx11effect.h
  .\Engine\Public\Effects11\d3dxGlobal.h
  .\Engine\Public\FastNoiseLite\FastNoiseLite.h
  .\Engine\Public\PhysX\PxActor.h
  .\Engine\Public\PhysX\PxActorData.h
  .\Engine\Public\PhysX\PxAggregate.h
  .\Engine\Public\PhysX\PxAnisotropy.h
  .\Engine\Public\PhysX\PxArrayConverter.h
  .\Engine\Public\PhysX\PxArticulationFlag.h
  .\Engine\Public\PhysX\PxArticulationJointReducedCoordinate.h
  .\Engine\Public\PhysX\PxArticulationLink.h
  .\Engine\Public\PhysX\PxArticulationMimicJoint.h
  .\Engine\Public\PhysX\PxArticulationReducedCoordinate.h
  .\Engine\Public\PhysX\PxArticulationTendon.h
  .\Engine\Public\PhysX\PxArticulationTendonData.h
  .\Engine\Public\PhysX\PxBaseMaterial.h
  .\Engine\Public\PhysX\PxBroadPhase.h
  .\Engine\Public\PhysX\PxClient.h
  .\Engine\Public\PhysX\PxConeLimitedConstraint.h
  .\Engine\Public\PhysX\PxConfig.h
  .\Engine\Public\PhysX\PxConstraint.h
  .\Engine\Public\PhysX\PxConstraintDesc.h
  .\Engine\Public\PhysX\PxContact.h
  .\Engine\Public\PhysX\PxContactModifyCallback.h
  .\Engine\Public\PhysX\PxDeformableAttachment.h
  .\Engine\Public\PhysX\PxDeformableBody.h
  .\Engine\Public\PhysX\PxDeformableBodyFlag.h
  .\Engine\Public\PhysX\PxDeformableElementFilter.h
  .\Engine\Public\PhysX\PxDeformableMaterial.h
  .\Engine\Public\PhysX\PxDeformableSkinning.h
  .\Engine\Public\PhysX\PxDeformableSurface.h
  .\Engine\Public\PhysX\PxDeformableSurfaceFlag.h
  .\Engine\Public\PhysX\PxDeformableSurfaceMaterial.h
  .\Engine\Public\PhysX\PxDeformableVolume.h
  .\Engine\Public\PhysX\PxDeformableVolumeFlag.h
  .\Engine\Public\PhysX\PxDeformableVolumeMaterial.h
  .\Engine\Public\PhysX\PxDeletionListener.h
  .\Engine\Public\PhysX\PxDirectGPUAPI.h
  .\Engine\Public\PhysX\PxFEMMaterial.h
  .\Engine\Public\PhysX\PxFEMParameter.h
  .\Engine\Public\PhysX\PxFEMSoftBodyMaterial.h
  .\Engine\Public\PhysX\PxFiltering.h
  .\Engine\Public\PhysX\PxForceMode.h
  .\Engine\Public\PhysX\PxImmediateMode.h
  .\Engine\Public\PhysX\PxIsosurfaceExtraction.h
  .\Engine\Public\PhysX\PxLockedData.h
  .\Engine\Public\PhysX\PxMaterial.h
  .\Engine\Public\PhysX\PxNodeIndex.h
  .\Engine\Public\PhysX\PxParticleBuffer.h
  .\Engine\Public\PhysX\PxParticleGpu.h
  .\Engine\Public\PhysX\PxParticleMaterial.h
  .\Engine\Public\PhysX\PxParticleNeighborhoodProvider.h
  .\Engine\Public\PhysX\PxParticleSolverType.h
  .\Engine\Public\PhysX\PxParticleSystem.h
  .\Engine\Public\PhysX\PxParticleSystemFlag.h
  .\Engine\Public\PhysX\PxPBDMaterial.h
  .\Engine\Public\PhysX\PxPBDParticleSystem.h
  .\Engine\Public\PhysX\PxPhysics.h
  .\Engine\Public\PhysX\PxPhysicsAPI.h
  .\Engine\Public\PhysX\PxPhysicsSerialization.h
  .\Engine\Public\PhysX\PxPhysXConfig.h
  .\Engine\Public\PhysX\PxPruningStructure.h
  .\Engine\Public\PhysX\PxQueryFiltering.h
  .\Engine\Public\PhysX\PxQueryReport.h
  .\Engine\Public\PhysX\PxResidual.h
  .\Engine\Public\PhysX\PxRigidActor.h
  .\Engine\Public\PhysX\PxRigidBody.h
  .\Engine\Public\PhysX\PxRigidDynamic.h
  .\Engine\Public\PhysX\PxRigidStatic.h
  .\Engine\Public\PhysX\PxScene.h
  .\Engine\Public\PhysX\PxSceneDesc.h
  .\Engine\Public\PhysX\PxSceneLock.h
  .\Engine\Public\PhysX\PxSceneQueryDesc.h
  .\Engine\Public\PhysX\PxSceneQuerySystem.h
  .\Engine\Public\PhysX\PxSDFBuilder.h
  .\Engine\Public\PhysX\PxShape.h
  .\Engine\Public\PhysX\PxSimulationEventCallback.h
  .\Engine\Public\PhysX\PxSimulationStatistics.h
  .\Engine\Public\PhysX\PxSmoothing.h
  .\Engine\Public\PhysX\PxSoftBody.h
  .\Engine\Public\PhysX\PxSoftBodyFlag.h
  .\Engine\Public\PhysX\PxSparseGridParams.h
  .\Engine\Public\PhysX\PxVisualizationParameter.h
  .\Engine\Public\PhysX\characterkinematic\PxBoxController.h
  .\Engine\Public\PhysX\characterkinematic\PxCapsuleController.h
  .\Engine\Public\PhysX\characterkinematic\PxController.h
  .\Engine\Public\PhysX\characterkinematic\PxControllerBehavior.h
  .\Engine\Public\PhysX\characterkinematic\PxControllerManager.h
  .\Engine\Public\PhysX\characterkinematic\PxControllerObstacles.h
  .\Engine\Public\PhysX\characterkinematic\PxExtended.h
  .\Engine\Public\PhysX\collision\PxCollisionDefs.h
  .\Engine\Public\PhysX\common\PxBase.h
  .\Engine\Public\PhysX\common\PxCollection.h
  .\Engine\Public\PhysX\common\PxCoreUtilityTypes.h
  .\Engine\Public\PhysX\common\PxInsertionCallback.h
  .\Engine\Public\PhysX\common\PxMetaData.h
  .\Engine\Public\PhysX\common\PxMetaDataFlags.h
  .\Engine\Public\PhysX\common\PxPhysXCommonConfig.h
  .\Engine\Public\PhysX\common\PxProfileZone.h
  .\Engine\Public\PhysX\common\PxRenderBuffer.h
  .\Engine\Public\PhysX\common\PxRenderOutput.h
  .\Engine\Public\PhysX\common\PxSerialFramework.h
  .\Engine\Public\PhysX\common\PxSerializer.h
  .\Engine\Public\PhysX\common\PxStringTable.h
  .\Engine\Public\PhysX\common\PxTolerancesScale.h
  .\Engine\Public\PhysX\common\PxTypeInfo.h
  .\Engine\Public\PhysX\common\windows\PxWindowsDelayLoadHook.h
  .\Engine\Public\PhysX\cooking\PxBVH33MidphaseDesc.h
  .\Engine\Public\PhysX\cooking\PxBVH34MidphaseDesc.h
  .\Engine\Public\PhysX\cooking\PxBVHDesc.h
  .\Engine\Public\PhysX\cooking\Pxc.h
  .\Engine\Public\PhysX\cooking\PxConvexMeshDesc.h
  .\Engine\Public\PhysX\cooking\PxCooking.h
  .\Engine\Public\PhysX\cooking\PxCookingInternal.h
  .\Engine\Public\PhysX\cooking\PxMidphaseDesc.h
  .\Engine\Public\PhysX\cooking\PxSDFDesc.h
  .\Engine\Public\PhysX\cooking\PxTetrahedronMeshDesc.h
  .\Engine\Public\PhysX\cooking\PxTriangleMeshDesc.h
  .\Engine\Public\PhysX\cudamanager\PxCudaContext.h
  .\Engine\Public\PhysX\cudamanager\PxCudaContextManager.h
  .\Engine\Public\PhysX\cudamanager\PxCudaTypes.h
  .\Engine\Public\PhysX\extensions\PxBinaryConverter.h
  .\Engine\Public\PhysX\extensions\PxBroadPhaseExt.h
  .\Engine\Public\PhysX\extensions\PxCollectionExt.h
  .\Engine\Public\PhysX\extensions\PxConstraintExt.h
  .\Engine\Public\PhysX\extensions\PxContactJoint.h
  .\Engine\Public\PhysX\extensions\PxConvexCoreExt.h
  .\Engine\Public\PhysX\extensions\PxConvexMeshExt.h
  .\Engine\Public\PhysX\extensions\PxCudaHelpersExt.h
  .\Engine\Public\PhysX\extensions\PxCustomGeometryExt.h
  .\Engine\Public\PhysX\extensions\PxCustomSceneQuerySystem.h
  .\Engine\Public\PhysX\extensions\PxD6Joint.h
  .\Engine\Public\PhysX\extensions\PxD6JointCreate.h
  .\Engine\Public\PhysX\extensions\PxDefaultAllocator.h
  .\Engine\Public\PhysX\extensions\PxDefaultCpuDispatcher.h
  .\Engine\Public\PhysX\extensions\PxDefaultErrorCallback.h
  .\Engine\Public\PhysX\extensions\PxDefaultSimulationFilterShader.h
  .\Engine\Public\PhysX\extensions\PxDefaultStreams.h
  .\Engine\Public\PhysX\extensions\PxDeformableSkinningExt.h
  .\Engine\Public\PhysX\extensions\PxDeformableSurfaceExt.h
  .\Engine\Public\PhysX\extensions\PxDeformableVolumeExt.h
  .\Engine\Public\PhysX\extensions\PxDistanceJoint.h
  .\Engine\Public\PhysX\extensions\PxExtensionsAPI.h
  .\Engine\Public\PhysX\extensions\PxFixedJoint.h
  .\Engine\Public\PhysX\extensions\PxGearJoint.h
  .\Engine\Public\PhysX\extensions\PxGjkQueryExt.h
  .\Engine\Public\PhysX\extensions\PxJoint.h
  .\Engine\Public\PhysX\extensions\PxJointLimit.h
  .\Engine\Public\PhysX\extensions\PxMassProperties.h
  .\Engine\Public\PhysX\extensions\PxParticleClothCooker.h
  .\Engine\Public\PhysX\extensions\PxParticleExt.h
  .\Engine\Public\PhysX\extensions\PxPrismaticJoint.h
  .\Engine\Public\PhysX\extensions\PxRackAndPinionJoint.h
  .\Engine\Public\PhysX\extensions\PxRaycastCCD.h
  .\Engine\Public\PhysX\extensions\PxRemeshingExt.h
  .\Engine\Public\PhysX\extensions\PxRepXSerializer.h
  .\Engine\Public\PhysX\extensions\PxRepXSimpleType.h
  .\Engine\Public\PhysX\extensions\PxRevoluteJoint.h
  .\Engine\Public\PhysX\extensions\PxRigidActorExt.h
  .\Engine\Public\PhysX\extensions\PxRigidBodyExt.h
  .\Engine\Public\PhysX\extensions\PxSamplingExt.h
  .\Engine\Public\PhysX\extensions\PxSceneQueryExt.h
  .\Engine\Public\PhysX\extensions\PxSceneQuerySystemExt.h
  .\Engine\Public\PhysX\extensions\PxSerialization.h
  .\Engine\Public\PhysX\extensions\PxShapeExt.h
  .\Engine\Public\PhysX\extensions\PxSimpleFactory.h
  .\Engine\Public\PhysX\extensions\PxSmoothNormals.h
  .\Engine\Public\PhysX\extensions\PxSoftBodyExt.h
  .\Engine\Public\PhysX\extensions\PxSphericalJoint.h
  .\Engine\Public\PhysX\extensions\PxStringTableExt.h
  .\Engine\Public\PhysX\extensions\PxTetMakerExt.h
  .\Engine\Public\PhysX\extensions\PxTetrahedronMeshAnalysisResult.h
  .\Engine\Public\PhysX\extensions\PxTetrahedronMeshExt.h
  .\Engine\Public\PhysX\extensions\PxTriangleMeshAnalysisResult.h
  .\Engine\Public\PhysX\extensions\PxTriangleMeshExt.h
  .\Engine\Public\PhysX\filebuf\PxFileBuf.h
  .\Engine\Public\PhysX\foundation\PxAlignedMalloc.h
  .\Engine\Public\PhysX\foundation\PxAlloca.h
  .\Engine\Public\PhysX\foundation\PxAllocator.h
  .\Engine\Public\PhysX\foundation\PxAllocatorCallback.h
  .\Engine\Public\PhysX\foundation\PxAoS.h
  .\Engine\Public\PhysX\foundation\PxArray.h
  .\Engine\Public\PhysX\foundation\PxAssert.h
  .\Engine\Public\PhysX\foundation\PxAtomic.h
  .\Engine\Public\PhysX\foundation\PxBasicTemplates.h
  .\Engine\Public\PhysX\foundation\PxBitAndData.h
  .\Engine\Public\PhysX\foundation\PxBitMap.h
  .\Engine\Public\PhysX\foundation\PxBitUtils.h
  .\Engine\Public\PhysX\foundation\PxBounds3.h
  .\Engine\Public\PhysX\foundation\PxBroadcast.h
  .\Engine\Public\PhysX\foundation\PxConstructor.h
  .\Engine\Public\PhysX\foundation\PxErrorCallback.h
  .\Engine\Public\PhysX\foundation\PxErrors.h
  .\Engine\Public\PhysX\foundation\PxFlags.h
  .\Engine\Public\PhysX\foundation\PxFoundation.h
  .\Engine\Public\PhysX\foundation\PxFoundationConfig.h
  .\Engine\Public\PhysX\foundation\PxFPU.h
  .\Engine\Public\PhysX\foundation\PxHash.h
  .\Engine\Public\PhysX\foundation\PxHashInternals.h
  .\Engine\Public\PhysX\foundation\PxHashMap.h
  .\Engine\Public\PhysX\foundation\PxHashSet.h
  .\Engine\Public\PhysX\foundation\PxInlineAllocator.h
  .\Engine\Public\PhysX\foundation\PxInlineAoS.h
  .\Engine\Public\PhysX\foundation\PxInlineArray.h
  .\Engine\Public\PhysX\foundation\PxIntrinsics.h
  .\Engine\Public\PhysX\foundation\PxIO.h
  .\Engine\Public\PhysX\foundation\PxMat33.h
  .\Engine\Public\PhysX\foundation\PxMat34.h
  .\Engine\Public\PhysX\foundation\PxMat44.h
  .\Engine\Public\PhysX\foundation\PxMath.h
  .\Engine\Public\PhysX\foundation\PxMathIntrinsics.h
  .\Engine\Public\PhysX\foundation\PxMathUtils.h
  .\Engine\Public\PhysX\foundation\PxMemory.h
  .\Engine\Public\PhysX\foundation\PxMutex.h
  .\Engine\Public\PhysX\foundation\PxPhysicsVersion.h
  .\Engine\Public\PhysX\foundation\PxPinnedArray.h
  .\Engine\Public\PhysX\foundation\PxPlane.h
  .\Engine\Public\PhysX\foundation\PxPool.h
  .\Engine\Public\PhysX\foundation\PxPreprocessor.h
  .\Engine\Public\PhysX\foundation\PxProfiler.h
  .\Engine\Public\PhysX\foundation\PxQuat.h
  .\Engine\Public\PhysX\foundation\PxSIMDHelpers.h
  .\Engine\Public\PhysX\foundation\PxSimpleTypes.h
  .\Engine\Public\PhysX\foundation\PxSList.h
  .\Engine\Public\PhysX\foundation\PxSocket.h
  .\Engine\Public\PhysX\foundation\PxSort.h
  .\Engine\Public\PhysX\foundation\PxSortInternals.h
  .\Engine\Public\PhysX\foundation\PxStrideIterator.h
  .\Engine\Public\PhysX\foundation\PxString.h
  .\Engine\Public\PhysX\foundation\PxSync.h
  .\Engine\Public\PhysX\foundation\PxTempAllocator.h
  .\Engine\Public\PhysX\foundation\PxThread.h
  .\Engine\Public\PhysX\foundation\PxTime.h
  .\Engine\Public\PhysX\foundation\PxTransform.h
  .\Engine\Public\PhysX\foundation\PxUnionCast.h
  .\Engine\Public\PhysX\foundation\PxUserAllocated.h
  .\Engine\Public\PhysX\foundation\PxUtilities.h
  .\Engine\Public\PhysX\foundation\PxVec2.h
  .\Engine\Public\PhysX\foundation\PxVec3.h
  .\Engine\Public\PhysX\foundation\PxVec4.h
  .\Engine\Public\PhysX\foundation\PxVecMath.h
  .\Engine\Public\PhysX\foundation\PxVecMathAoSScalar.h
  .\Engine\Public\PhysX\foundation\PxVecMathAoSScalarInline.h
  .\Engine\Public\PhysX\foundation\PxVecMathSSE.h
  .\Engine\Public\PhysX\foundation\PxVecQuat.h
  .\Engine\Public\PhysX\foundation\PxVecTransform.h
  .\Engine\Public\PhysX\foundation\unix\PxUnixAoS.h
  .\Engine\Public\PhysX\foundation\unix\PxUnixFPU.h
  .\Engine\Public\PhysX\foundation\unix\PxUnixInlineAoS.h
  .\Engine\Public\PhysX\foundation\unix\PxUnixIntrinsics.h
  .\Engine\Public\PhysX\foundation\unix\PxUnixMathIntrinsics.h
  .\Engine\Public\PhysX\foundation\unix\PxUnixTrigConstants.h
  .\Engine\Public\PhysX\foundation\unix\neon\PxUnixNeonAoS.h
  .\Engine\Public\PhysX\foundation\unix\neon\PxUnixNeonInlineAoS.h
  .\Engine\Public\PhysX\foundation\unix\sse2\PxUnixSse2AoS.h
  .\Engine\Public\PhysX\foundation\unix\sse2\PxUnixSse2InlineAoS.h
  .\Engine\Public\PhysX\foundation\windows\PxWindowsAoS.h
  .\Engine\Public\PhysX\foundation\windows\PxWindowsFPU.h
  .\Engine\Public\PhysX\foundation\windows\PxWindowsInclude.h
  .\Engine\Public\PhysX\foundation\windows\PxWindowsInlineAoS.h
  .\Engine\Public\PhysX\foundation\windows\PxWindowsIntrinsics.h
  .\Engine\Public\PhysX\foundation\windows\PxWindowsMathIntrinsics.h
  .\Engine\Public\PhysX\foundation\windows\PxWindowsTrigConstants.h
  .\Engine\Public\PhysX\geometry\PxBoxGeometry.h
  .\Engine\Public\PhysX\geometry\PxBVH.h
  .\Engine\Public\PhysX\geometry\PxBVHBuildStrategy.h
  .\Engine\Public\PhysX\geometry\PxCapsuleGeometry.h
  .\Engine\Public\PhysX\geometry\PxConvexCoreGeometry.h
  .\Engine\Public\PhysX\geometry\PxConvexMesh.h
  .\Engine\Public\PhysX\geometry\PxConvexMeshGeometry.h
  .\Engine\Public\PhysX\geometry\PxCustomGeometry.h
  .\Engine\Public\PhysX\geometry\PxGeometry.h
  .\Engine\Public\PhysX\geometry\PxGeometryHelpers.h
  .\Engine\Public\PhysX\geometry\PxGeometryHit.h
  .\Engine\Public\PhysX\geometry\PxGeometryInternal.h
  .\Engine\Public\PhysX\geometry\PxGeometryQuery.h
  .\Engine\Public\PhysX\geometry\PxGeometryQueryContext.h
  .\Engine\Public\PhysX\geometry\PxGeometryQueryFlags.h
  .\Engine\Public\PhysX\geometry\PxGjkQuery.h
  .\Engine\Public\PhysX\geometry\PxHeightField.h
  .\Engine\Public\PhysX\geometry\PxHeightFieldDesc.h
  .\Engine\Public\PhysX\geometry\PxHeightFieldFlag.h
  .\Engine\Public\PhysX\geometry\PxHeightFieldGeometry.h
  .\Engine\Public\PhysX\geometry\PxHeightFieldSample.h
  .\Engine\Public\PhysX\geometry\PxMeshQuery.h
  .\Engine\Public\PhysX\geometry\PxMeshScale.h
  .\Engine\Public\PhysX\geometry\PxParticleSystemGeometry.h
  .\Engine\Public\PhysX\geometry\PxPlaneGeometry.h
  .\Engine\Public\PhysX\geometry\PxReportCallback.h
  .\Engine\Public\PhysX\geometry\PxSimpleTriangleMesh.h
  .\Engine\Public\PhysX\geometry\PxSphereGeometry.h
  .\Engine\Public\PhysX\geometry\PxTetrahedron.h
  .\Engine\Public\PhysX\geometry\PxTetrahedronMesh.h
  .\Engine\Public\PhysX\geometry\PxTetrahedronMeshGeometry.h
  .\Engine\Public\PhysX\geometry\PxTriangle.h
  .\Engine\Public\PhysX\geometry\PxTriangleMesh.h
  .\Engine\Public\PhysX\geometry\PxTriangleMeshGeometry.h
  .\Engine\Public\PhysX\geomutils\PxContactBuffer.h
  .\Engine\Public\PhysX\geomutils\PxContactPoint.h
  .\Engine\Public\PhysX\gpu\PxGpu.h
  .\Engine\Public\PhysX\gpu\PxPhysicsGpu.h
  .\Engine\Public\PhysX\omnipvd\PxOmniPvd.h
  .\Engine\Public\PhysX\pvd\PxPvd.h
  .\Engine\Public\PhysX\pvd\PxPvdSceneClient.h
  .\Engine\Public\PhysX\pvd\PxPvdTransport.h
  .\Engine\Public\PhysX\solver\PxSolverDefs.h
  .\Engine\Public\PhysX\task\PxCpuDispatcher.h
  .\Engine\Public\PhysX\task\PxTask.h
  .\Engine\Public\PhysX\task\PxTaskManager.h
  .\Engine\Public\PhysX\vehicle\PxVehicleComponents.h
  .\Engine\Public\PhysX\vehicle\PxVehicleDrive.h
  .\Engine\Public\PhysX\vehicle\PxVehicleDrive4W.h
  .\Engine\Public\PhysX\vehicle\PxVehicleDriveNW.h
  .\Engine\Public\PhysX\vehicle\PxVehicleDriveTank.h
  .\Engine\Public\PhysX\vehicle\PxVehicleNoDrive.h
  .\Engine\Public\PhysX\vehicle\PxVehicleSDK.h
  .\Engine\Public\PhysX\vehicle\PxVehicleShaders.h
  .\Engine\Public\PhysX\vehicle\PxVehicleTireFriction.h
  .\Engine\Public\PhysX\vehicle\PxVehicleUpdate.h
  .\Engine\Public\PhysX\vehicle\PxVehicleUtil.h
  .\Engine\Public\PhysX\vehicle\PxVehicleUtilControl.h
  .\Engine\Public\PhysX\vehicle\PxVehicleUtilSetup.h
  .\Engine\Public\PhysX\vehicle\PxVehicleUtilTelemetry.h
  .\Engine\Public\PhysX\vehicle\PxVehicleWheels.h
  .\Engine\Public\PhysX\vehicle2\PxVehicleAPI.h
  .\Engine\Public\PhysX\vehicle2\PxVehicleComponent.h
  .\Engine\Public\PhysX\vehicle2\PxVehicleComponentSequence.h
  .\Engine\Public\PhysX\vehicle2\PxVehicleFunctions.h
  .\Engine\Public\PhysX\vehicle2\PxVehicleLimits.h
  .\Engine\Public\PhysX\vehicle2\PxVehicleMaths.h
  .\Engine\Public\PhysX\vehicle2\PxVehicleParams.h
  .\Engine\Public\PhysX\vehicle2\braking\PxVehicleBrakingFunctions.h
  .\Engine\Public\PhysX\vehicle2\braking\PxVehicleBrakingParams.h
  .\Engine\Public\PhysX\vehicle2\commands\PxVehicleCommandHelpers.h
  .\Engine\Public\PhysX\vehicle2\commands\PxVehicleCommandParams.h
  .\Engine\Public\PhysX\vehicle2\commands\PxVehicleCommandStates.h
  .\Engine\Public\PhysX\vehicle2\drivetrain\PxVehicleDrivetrainComponents.h
  .\Engine\Public\PhysX\vehicle2\drivetrain\PxVehicleDrivetrainFunctions.h
  .\Engine\Public\PhysX\vehicle2\drivetrain\PxVehicleDrivetrainHelpers.h
  .\Engine\Public\PhysX\vehicle2\drivetrain\PxVehicleDrivetrainParams.h
  .\Engine\Public\PhysX\vehicle2\drivetrain\PxVehicleDrivetrainStates.h
  .\Engine\Public\PhysX\vehicle2\physxActor\PxVehiclePhysXActorComponents.h
  .\Engine\Public\PhysX\vehicle2\physxActor\PxVehiclePhysXActorFunctions.h
  .\Engine\Public\PhysX\vehicle2\physxActor\PxVehiclePhysXActorHelpers.h
  .\Engine\Public\PhysX\vehicle2\physxActor\PxVehiclePhysXActorStates.h
  .\Engine\Public\PhysX\vehicle2\physxConstraints\PxVehiclePhysXConstraintComponents.h
  .\Engine\Public\PhysX\vehicle2\physxConstraints\PxVehiclePhysXConstraintFunctions.h
  .\Engine\Public\PhysX\vehicle2\physxConstraints\PxVehiclePhysXConstraintHelpers.h
  .\Engine\Public\PhysX\vehicle2\physxConstraints\PxVehiclePhysXConstraintParams.h
  .\Engine\Public\PhysX\vehicle2\physxConstraints\PxVehiclePhysXConstraintStates.h
  .\Engine\Public\PhysX\vehicle2\physxRoadGeometry\PxVehiclePhysXRoadGeometryComponents.h
  .\Engine\Public\PhysX\vehicle2\physxRoadGeometry\PxVehiclePhysXRoadGeometryFunctions.h
  .\Engine\Public\PhysX\vehicle2\physxRoadGeometry\PxVehiclePhysXRoadGeometryHelpers.h
  .\Engine\Public\PhysX\vehicle2\physxRoadGeometry\PxVehiclePhysXRoadGeometryParams.h
  .\Engine\Public\PhysX\vehicle2\physxRoadGeometry\PxVehiclePhysXRoadGeometryState.h
  .\Engine\Public\PhysX\vehicle2\pvd\PxVehiclePvdComponents.h
  .\Engine\Public\PhysX\vehicle2\pvd\PxVehiclePvdFunctions.h
  .\Engine\Public\PhysX\vehicle2\pvd\PxVehiclePvdHelpers.h
  .\Engine\Public\PhysX\vehicle2\rigidBody\PxVehicleRigidBodyComponents.h
  .\Engine\Public\PhysX\vehicle2\rigidBody\PxVehicleRigidBodyFunctions.h
  .\Engine\Public\PhysX\vehicle2\rigidBody\PxVehicleRigidBodyParams.h
  .\Engine\Public\PhysX\vehicle2\rigidBody\PxVehicleRigidBodyStates.h
  .\Engine\Public\PhysX\vehicle2\roadGeometry\PxVehicleRoadGeometryState.h
  .\Engine\Public\PhysX\vehicle2\steering\PxVehicleSteeringFunctions.h
  .\Engine\Public\PhysX\vehicle2\steering\PxVehicleSteeringParams.h
  .\Engine\Public\PhysX\vehicle2\suspension\PxVehicleSuspensionComponents.h
  .\Engine\Public\PhysX\vehicle2\suspension\PxVehicleSuspensionFunctions.h
  .\Engine\Public\PhysX\vehicle2\suspension\PxVehicleSuspensionHelpers.h
  .\Engine\Public\PhysX\vehicle2\suspension\PxVehicleSuspensionParams.h
  .\Engine\Public\PhysX\vehicle2\suspension\PxVehicleSuspensionStates.h
  .\Engine\Public\PhysX\vehicle2\tire\PxVehicleTireComponents.h
  .\Engine\Public\PhysX\vehicle2\tire\PxVehicleTireFunctions.h
  .\Engine\Public\PhysX\vehicle2\tire\PxVehicleTireHelpers.h
  .\Engine\Public\PhysX\vehicle2\tire\PxVehicleTireParams.h
  .\Engine\Public\PhysX\vehicle2\tire\PxVehicleTireStates.h
  .\Engine\Public\PhysX\vehicle2\wheel\PxVehicleWheelComponents.h
  .\Engine\Public\PhysX\vehicle2\wheel\PxVehicleWheelFunctions.h
  .\Engine\Public\PhysX\vehicle2\wheel\PxVehicleWheelHelpers.h
  .\Engine\Public\PhysX\vehicle2\wheel\PxVehicleWheelParams.h
  .\Engine\Public\PhysX\vehicle2\wheel\PxVehicleWheelStates.h
  643개 파일이 복사되었습니다.
  .\Engine\Bin\Engine.dll
  1개 파일이 복사되었습니다.
  .\Engine\Bin\Engine.lib
  1개 파일이 복사되었습니다.
  .\Engine\ThirdPartyLib\assimp-vc140-mt.lib
  .\Engine\ThirdPartyLib\assimp-vc140-mtd.lib
  .\Engine\ThirdPartyLib\assimp-vc143-mt.lib
  .\Engine\ThirdPartyLib\assimp-vc143-mtd.lib
  .\Engine\ThirdPartyLib\DirectXTex.lib
  .\Engine\ThirdPartyLib\DirectXTex_Release.lib
  .\Engine\ThirdPartyLib\DirectXTK.lib
  .\Engine\ThirdPartyLib\DirectXTKd.lib
  .\Engine\ThirdPartyLib\Effects11.lib
  .\Engine\ThirdPartyLib\Effects11d.lib
  .\Engine\ThirdPartyLib\fmodex_vc.lib
  .\Engine\ThirdPartyLib\fmodL_vc.lib
  .\Engine\ThirdPartyLib\fmod_vc.lib
  .\Engine\ThirdPartyLib\LowLevelAABB_static_64.lib
  .\Engine\ThirdPartyLib\LowLevelAABB_static_64_R.lib
  .\Engine\ThirdPartyLib\LowLevelDynamics_static_64.lib
  .\Engine\ThirdPartyLib\LowLevelDynamics_static_64_R.lib
  .\Engine\ThirdPartyLib\LowLevel_static_64.lib
  .\Engine\ThirdPartyLib\LowLevel_static_64_R.lib
  .\Engine\ThirdPartyLib\PhysXCharacterKinematic_static_64.lib
  .\Engine\ThirdPartyLib\PhysXCharacterKinematic_static_64_R.lib
  .\Engine\ThirdPartyLib\PhysXCommon_64.lib
  .\Engine\ThirdPartyLib\PhysXCommon_64_R.lib
  .\Engine\ThirdPartyLib\PhysXCooking_64.lib
  .\Engine\ThirdPartyLib\PhysXCooking_64_R.lib
  .\Engine\ThirdPartyLib\PhysXExtensions_static_64.lib
  .\Engine\ThirdPartyLib\PhysXExtensions_static_64_R.lib
  .\Engine\ThirdPartyLib\PhysXFoundation_64.lib
  .\Engine\ThirdPartyLib\PhysXFoundation_64_R.lib
  .\Engine\ThirdPartyLib\PhysXPvdSDK_static_64.lib
  .\Engine\ThirdPartyLib\PhysXPvdSDK_static_64_R.lib
  .\Engine\ThirdPartyLib\PhysXTask_static_64.lib
  .\Engine\ThirdPartyLib\PhysXTask_static_64_R.lib
  .\Engine\ThirdPartyLib\PhysXVehicle2_static_64.lib
  .\Engine\ThirdPartyLib\PhysXVehicle2_static_64_R.lib
  .\Engine\ThirdPartyLib\PhysXVehicle_static_64.lib
  .\Engine\ThirdPartyLib\PhysXVehicle_static_64_R.lib
  .\Engine\ThirdPartyLib\PhysX_64.lib
  .\Engine\ThirdPartyLib\PhysX_64_R.lib
  .\Engine\ThirdPartyLib\PVDRuntime_64.lib
  .\Engine\ThirdPartyLib\SceneQuery_static_64.lib
  .\Engine\ThirdPartyLib\SceneQuery_static_64_R.lib
  .\Engine\ThirdPartyLib\SimulationController_static_64.lib
  .\Engine\ThirdPartyLib\SimulationController_static_64_R.lib
  .\Engine\ThirdPartyLib\SnippetRender_static_64.lib
  .\Engine\ThirdPartyLib\SnippetUtils_static_64.lib
  46개 파일이 복사되었습니다.
  .\Engine\Bin\ShaderFiles\Engine_Shader_Defines.hlsli
  .\Engine\Bin\ShaderFiles\Shader_Cell.hlsl
  .\Engine\Bin\ShaderFiles\Shader_Compute.hlsl
  .\Engine\Bin\ShaderFiles\Shader_Compute_Fog.hlsl
  .\Engine\Bin\ShaderFiles\Shader_Compute_Sample.hlsl
  .\Engine\Bin\ShaderFiles\Shader_Deferred.hlsl
  .\Engine\Bin\ShaderFiles\Shader_Shadow.hlsl
  7개 파일이 복사되었습니다.
